Archive member included because of file (symbol)

./gr_common/lib/DSP/utility/libGNU_RX_DSP_Little.a(r_dsp_statisticalmean_f32.obj)
                              ./gr_common/lib/DSP/DSP.o (R_DSP_Mean_f32)
./gr_common/lib/DSP/utility/libGNU_RX_DSP_Little.a(r_dsp_statisticalmean_i16.obj)
                              ./gr_common/lib/DSP/DSP.o (R_DSP_Mean_i16)
./gr_common/lib/DSP/utility/libGNU_RX_DSP_Little.a(r_dsp_statisticalmean_i32.obj)
                              ./gr_common/lib/DSP/DSP.o (R_DSP_Mean_i32)
C:/Renesas/e2studio/GNURXv14.03-ELF/rx-elf/rx-elf/rx-elf/lib/64-bit-double\libstdc++.a(si_class_type_info.o)
                              ./gr_sketch.o (vtable for __cxxabiv1::__si_class_type_info)
C:/Renesas/e2studio/GNURXv14.03-ELF/rx-elf/rx-elf/rx-elf/lib/64-bit-double\libstdc++.a(class_type_info.o)
                              C:/Renesas/e2studio/GNURXv14.03-ELF/rx-elf/rx-elf/rx-elf/lib/64-bit-double\libstdc++.a(si_class_type_info.o) (__cxxabiv1::__class_type_info::__do_upcast(__cxxabiv1::__class_type_info const*, void**) const)
C:/Renesas/e2studio/GNURXv14.03-ELF/rx-elf/rx-elf/rx-elf/lib/64-bit-double\libstdc++.a(eh_personality.o)
                              ./gr_sketch.o (__gxx_personality_sj0)
C:/Renesas/e2studio/GNURXv14.03-ELF/rx-elf/rx-elf/rx-elf/lib/64-bit-double\libstdc++.a(eh_alloc.o)
                              C:/Renesas/e2studio/GNURXv14.03-ELF/rx-elf/rx-elf/rx-elf/lib/64-bit-double\libstdc++.a(eh_personality.o) (__cxa_allocate_exception)
C:/Renesas/e2studio/GNURXv14.03-ELF/rx-elf/rx-elf/rx-elf/lib/64-bit-double\libstdc++.a(eh_exception.o)
                              C:/Renesas/e2studio/GNURXv14.03-ELF/rx-elf/rx-elf/rx-elf/lib/64-bit-double\libstdc++.a(eh_personality.o) (std::bad_exception::~bad_exception())
C:/Renesas/e2studio/GNURXv14.03-ELF/rx-elf/rx-elf/rx-elf/lib/64-bit-double\libstdc++.a(eh_call.o)
                              C:/Renesas/e2studio/GNURXv14.03-ELF/rx-elf/rx-elf/rx-elf/lib/64-bit-double\libstdc++.a(eh_personality.o) (__cxa_call_terminate)
C:/Renesas/e2studio/GNURXv14.03-ELF/rx-elf/rx-elf/rx-elf/lib/64-bit-double\libstdc++.a(tinfo.o)
                              C:/Renesas/e2studio/GNURXv14.03-ELF/rx-elf/rx-elf/rx-elf/lib/64-bit-double\libstdc++.a(class_type_info.o) (std::type_info::~type_info())
C:/Renesas/e2studio/GNURXv14.03-ELF/rx-elf/rx-elf/rx-elf/lib/64-bit-double\libstdc++.a(vmi_class_type_info.o)
                              ./gr_sketch.o (vtable for __cxxabiv1::__vmi_class_type_info)
C:/Renesas/e2studio/GNURXv14.03-ELF/rx-elf/rx-elf/rx-elf/lib/64-bit-double\libstdc++.a(eh_globals.o)
                              C:/Renesas/e2studio/GNURXv14.03-ELF/rx-elf/rx-elf/rx-elf/lib/64-bit-double\libstdc++.a(eh_personality.o) (__cxa_get_globals_fast)
C:/Renesas/e2studio/GNURXv14.03-ELF/rx-elf/rx-elf/rx-elf/lib/64-bit-double\libstdc++.a(eh_throw.o)
                              C:/Renesas/e2studio/GNURXv14.03-ELF/rx-elf/rx-elf/rx-elf/lib/64-bit-double\libstdc++.a(eh_personality.o) (__cxa_throw)
C:/Renesas/e2studio/GNURXv14.03-ELF/rx-elf/rx-elf/rx-elf/lib/64-bit-double\libstdc++.a(eh_catch.o)
                              C:/Renesas/e2studio/GNURXv14.03-ELF/rx-elf/rx-elf/rx-elf/lib/64-bit-double\libstdc++.a(eh_personality.o) (__cxa_begin_catch)
C:/Renesas/e2studio/GNURXv14.03-ELF/rx-elf/rx-elf/rx-elf/lib/64-bit-double\libstdc++.a(eh_terminate.o)
                              C:/Renesas/e2studio/GNURXv14.03-ELF/rx-elf/rx-elf/rx-elf/lib/64-bit-double\libstdc++.a(eh_personality.o) (__cxxabiv1::__terminate(void (*)()))
C:/Renesas/e2studio/GNURXv14.03-ELF/rx-elf/rx-elf/rx-elf/lib/64-bit-double\libstdc++.a(eh_unex_handler.o)
                              C:/Renesas/e2studio/GNURXv14.03-ELF/rx-elf/rx-elf/rx-elf/lib/64-bit-double\libstdc++.a(eh_throw.o) (__cxxabiv1::__unexpected_handler)
C:/Renesas/e2studio/GNURXv14.03-ELF/rx-elf/rx-elf/rx-elf/lib/64-bit-double\libstdc++.a(eh_term_handler.o)
                              C:/Renesas/e2studio/GNURXv14.03-ELF/rx-elf/rx-elf/rx-elf/lib/64-bit-double\libstdc++.a(eh_throw.o) (__cxxabiv1::__terminate_handler)
C:/Renesas/e2studio/GNURXv14.03-ELF/rx-elf/rx-elf/rx-elf/lib/64-bit-double\libsim.a(abort.o)
                              ./gr_sketch.o (abort)
C:/Renesas/e2studio/GNURXv14.03-ELF/rx-elf/rx-elf/rx-elf/lib/64-bit-double\libsim.a(exit.o)
                              C:/Renesas/e2studio/GNURXv14.03-ELF/rx-elf/rx-elf/rx-elf/lib/64-bit-double\libsim.a(abort.o) (_exit)
C:/Renesas/e2studio/GNURXv14.03-ELF/rx-elf/rx-elf/rx-elf/lib/64-bit-double\libm.a(lib_a-s_cos.o)
                              ./OsakanaFFT/src/OsakanaFft.o (cos)
C:/Renesas/e2studio/GNURXv14.03-ELF/rx-elf/rx-elf/rx-elf/lib/64-bit-double\libm.a(lib_a-s_fpclassify.o)
                              ./gr_common/core/Print.o (__fpclassifyd)
C:/Renesas/e2studio/GNURXv14.03-ELF/rx-elf/rx-elf/rx-elf/lib/64-bit-double\libm.a(lib_a-s_sin.o)
                              ./OsakanaFFT/src/OsakanaFft.o (sin)
[...]
Memory Configuration

Name             Origin             Length             Attributes
RAM              0x00000000         0x00040000
ROM              0xffe00000         0x00200000
*default*        0x00000000         0xffffffff

Linker script and memory map

LOAD ./EdgeDetector.o
LOAD ./gr_sketch.o
LOAD ./StopWatch.o
LOAD ./gr_common/core/HardwareSerial.o
LOAD ./gr_common/core/IPAddress.o
LOAD ./gr_common/core/main.o
LOAD ./gr_common/core/MsTimer2.o
LOAD ./gr_common/core/new.o
LOAD ./gr_common/core/Print.o
LOAD ./gr_common/core/Stream.o
LOAD ./gr_common/core/Tone.o
LOAD ./gr_common/core/utilities.o
LOAD ./gr_common/core/WMath.o
LOAD ./gr_common/core/WString.o
LOAD ./gr_common/lib/DSP/DSP.o
LOAD ./gr_common/lib/EEPROM/EEPROM.o
LOAD ./gr_common/lib/ESP8266_Arduino_AT/ESP8266.o
LOAD ./gr_common/lib/Firmata/Firmata.o
LOAD ./gr_common/lib/LiquidCrystal/LiquidCrystal.o
LOAD ./gr_common/lib/Milkcocoa_Arduino_SDK/Adafruit_MQTT.o
LOAD ./gr_common/lib/Milkcocoa_Arduino_SDK/Adafruit_MQTT_Client.o
LOAD ./gr_common/lib/Milkcocoa_Arduino_SDK/aJSON.o
LOAD ./gr_common/lib/Milkcocoa_Arduino_SDK/Milkcocoa.o
LOAD ./gr_common/lib/RTC/RTC.o
LOAD ./gr_common/lib/RTC/utility/RX63_RTC.o
LOAD ./gr_common/lib/SD/File.o
LOAD ./gr_common/lib/SD/SD.o
LOAD ./gr_common/lib/SD/utility/Sd2Card.o
LOAD ./gr_common/lib/SD/utility/SdFile.o
LOAD ./gr_common/lib/SD/utility/SdVolume.o
LOAD ./gr_common/lib/Servo/Servo.o
LOAD ./gr_common/lib/SoftwareSerial/SoftwareSerial.o
LOAD ./gr_common/lib/SPI/SPI.o
LOAD ./gr_common/lib/Stepper/Stepper.o
LOAD ./gr_common/lib/Wire/Wire.o
LOAD ./gr_common/lib/Wire/utility/I2cMaster.o
LOAD ./gr_common/rx63n/exception_handler.o
LOAD ./gr_common/rx63n/hardware_setup.o
LOAD ./OsakanaFFT/src/OsakanaFft.o
LOAD ./OsakanaFFT/src/OsakanaFpFft.o
LOAD ./PitchDetector/src/PeakDetectMachine.o
LOAD ./PitchDetector/src/PeakDetectMachineFp.o
LOAD ./gr_common/core/usbdescriptors.o
LOAD ./gr_common/core/usb_cdc.o
LOAD ./gr_common/core/usb_core.o
LOAD ./gr_common/core/usb_hal.o
LOAD ./gr_common/core/WInterrupts.o
LOAD ./gr_common/core/wiring.o
LOAD ./gr_common/core/wiring_analog.o
LOAD ./gr_common/core/wiring_digital.o
LOAD ./gr_common/core/wiring_pulse.o
LOAD ./gr_common/core/wiring_shift.o
LOAD ./gr_common/core/avr/avrlib.o
LOAD ./gr_common/lib/EEPROM/utility/r_flash_api_rx600.o
LOAD ./gr_common/lib/Milkcocoa_Arduino_SDK/stringbuffer.o
LOAD ./gr_common/lib/Wire/utility/twi_rx.o
LOAD ./gr_common/rx63n/interrupt_handlers.o
LOAD ./gr_common/rx63n/reboot.o
LOAD ./gr_common/rx63n/util.o
LOAD ./gr_common/rx63n/vector_table.o
LOAD ./gr_common/rx63n/reset_program.o
LOAD ./gr_common/lib/DSP/utility/libGNU_RX_DSP_Little.a

.text           0xffe00000    0x1d71f
 *(.text)
 .text          0xffe00000       0xa8 ./gr_common/rx63n/reset_program.o
                0xffe00000                PowerON_Reset
                0xffe0005d                rx_run_preinit_array
                0xffe0006d                rx_run_init_array
                0xffe0007f                rx_run_fini_array
 .text          0xffe000a8       0x17 C:/Renesas/e2studio/GNURXv14.03-ELF/rx-elf/rx-elf/rx-elf/lib/64-bit-double\libc.a(lib_a-memmove.o)
                0xffe000a8                memmove
 .text          0xffe000bf       0x10 C:/Renesas/e2studio/GNURXv14.03-ELF/rx-elf/rx-elf/rx-elf/lib/64-bit-double\libc.a(lib_a-strlen.o)
                0xffe000bf                strlen
 .text          0xffe000cf        0xc C:/Renesas/e2studio/GNURXv14.03-ELF/rx-elf/rx-elf/rx-elf/lib/64-bit-double\libc.a(lib_a-strncmp.o)
                0xffe000cf                strncmp
 .text          0xffe000db       0x15 C:/Renesas/e2studio/GNURXv14.03-ELF/rx-elf/rx-elf/rx-elf/lib/64-bit-double\libc.a(lib_a-strncpy.o)
                0xffe000db                strncpy
 .text          0xffe000f0        0xf C:/Renesas/e2studio/GNURXv14.03-ELF/rx-elf/rx-elf/rx-elf/lib/64-bit-double\libc.a(lib_a-memchr.o)
                0xffe000f0                memchr
 .text          0xffe000ff        0x7 C:/Renesas/e2studio/GNURXv14.03-ELF/rx-elf/rx-elf/rx-elf/lib/64-bit-double\libc.a(lib_a-memcpy.o)
                0xffe000ff                memcpy
 .text          0xffe00106        0x7 C:/Renesas/e2studio/GNURXv14.03-ELF/rx-elf/rx-elf/rx-elf/lib/64-bit-double\libc.a(lib_a-memset.o)
                0xffe00106                memset
 .text          0xffe0010d        0xf C:/Renesas/e2studio/GNURXv14.03-ELF/rx-elf/rx-elf/rx-elf/lib/64-bit-double\libc.a(lib_a-strcmp.o)
                0xffe0010d                strcmp
 *(.text.*)
 .text._ZN12EdgeDetectorC2Ei
                0xffe0011c        0x3 ./EdgeDetector.o
                0xffe0011c                EdgeDetector::EdgeDetector(int)
                0xffe0011c                EdgeDetector::EdgeDetector(int)
 .text._ZN12EdgeDetectorD2Ev
                0xffe0011f        0x1 ./EdgeDetector.o
                0xffe0011f                EdgeDetector::~EdgeDetector()
                0xffe0011f                EdgeDetector::~EdgeDetector()
 .text._ZN12EdgeDetector5InputEt
                0xffe00120        0xc ./EdgeDetector.o
                0xffe00120                EdgeDetector::Input(unsigned short)
 .text._ZN13ESP8266Client4peekEv
                0xffe0012c        0x3 ./gr_sketch.o
                0xffe0012c                ESP8266Client::peek()
 .text._ZN13ESP8266Client5flushEv
                0xffe0012f        0x1 ./gr_sketch.o
                0xffe0012f                ESP8266Client::flush()
 .text._ZN13ESP8266Client9connectedEv
                0xffe00130        0x3 ./gr_sketch.o
                0xffe00130                ESP8266Client::connected()
 .text._ZN13ESP8266ClientcvbEv
                0xffe00133        0x8 ./gr_sketch.o
                0xffe00133                ESP8266Client::operator bool()
 .text._ZN13ESP8266Client7connectEPKct
                0xffe0013b       0xb8 ./gr_sketch.o
                0xffe0013b                ESP8266Client::connect(char const*, unsigned short)
 .text._ZN13ESP8266Client7connectE9IPAddresst
                0xffe001f3      0x10b ./gr_sketch.o
                0xffe001f3                ESP8266Client::connect(IPAddress, unsigned short)
 .text._ZN13ESP8266Client5writeEh
                0xffe002fe       0x11 ./gr_sketch.o
                0xffe002fe                ESP8266Client::write(unsigned char)
 .text._ZN13ESP8266Client5writeEPKhm
                0xffe0030f       0x16 ./gr_sketch.o
                0xffe0030f                ESP8266Client::write(unsigned char const*, unsigned long)
 .text._ZN13ESP8266Client4readEv
                0xffe00325       0x4c ./gr_sketch.o
                0xffe00325                ESP8266Client::read()
 .text._ZN13ESP8266Client4readEPhm
                0xffe00371        0xb ./gr_sketch.o
                0xffe00371                ESP8266Client::read(unsigned char*, unsigned long)
 .text._ZN13ESP8266Client4stopEv
                0xffe0037c        0x7 ./gr_sketch.o
                0xffe0037c                ESP8266Client::stop()
 .text._ZN13ESP8266Client9availableEv
                0xffe00383       0x4b ./gr_sketch.o
                0xffe00383                ESP8266Client::available()
 .text._Z10DebugPrintPKc
                0xffe003ce       0x1c ./gr_sketch.o
                0xffe003ce                DebugPrint(char const*)
 .text._ZL6onpushP11DataElement
                0xffe003ea        0x8 ./gr_sketch.o
 .text._Z10DebugPrintf
                0xffe003f2       0x26 ./gr_sketch.o
                0xffe003f2                DebugPrint(float)
 .text._Z10DebugPrintPK13osk_complex_t
                0xffe00418       0x5f ./gr_sketch.o
                0xffe00418                DebugPrint(osk_complex_t const*)
 .text._Z10DebugPrintPKf
                0xffe00477       0x38 ./gr_sketch.o
                0xffe00477                DebugPrint(float const*)
 .text._Z14setupMilkcocoav
                0xffe004af      0x1fa ./gr_sketch.o
                0xffe004af                setupMilkcocoa()
 .text._Z8setupFftv
                0xffe006a9       0x12 ./gr_sketch.o
                0xffe006a9                setupFft()
 .text.setup    0xffe006bb       0x71 ./gr_sketch.o
                0xffe006bb                setup
 .text.loop     0xffe0072c      0x4b1 ./gr_sketch.o
                0xffe0072c                loop
 .text.startup._GLOBAL__sub_I_wifi
                0xffe00bdd       0x3c ./gr_sketch.o
 .text._ZN9StopWatchC2EPKc
                0xffe00c19       0x40 ./StopWatch.o
                0xffe00c19                StopWatch::StopWatch(char const*)
                0xffe00c19                StopWatch::StopWatch(char const*)
 .text._ZN9StopWatchD2Ev
                0xffe00c59       0x43 ./StopWatch.o
                0xffe00c59                StopWatch::~StopWatch()
                0xffe00c59                StopWatch::~StopWatch()
 .text._ZN14HardwareSerialD2Ev
                0xffe00c9c        0x7 ./gr_common/core/HardwareSerial.o
                0xffe00c9c                HardwareSerial::~HardwareSerial()
                0xffe00c9c                HardwareSerial::~HardwareSerial()
 .text._ZN14HardwareSerial9availableEv
                0xffe00ca3        0xd ./gr_common/core/HardwareSerial.o
                0xffe00ca3                HardwareSerial::available()
 .text._ZN14HardwareSerial4peekEv
                0xffe00cb0       0x14 ./gr_common/core/HardwareSerial.o
                0xffe00cb0                HardwareSerial::peek()
 .text._ZN14HardwareSerial4readEv
                0xffe00cc4       0x25 ./gr_common/core/HardwareSerial.o
                0xffe00cc4                HardwareSerial::read()
 .text._ZN14HardwareSerial5flushEv
                0xffe00ce9       0x11 ./gr_common/core/HardwareSerial.o
                0xffe00ce9                HardwareSerial::flush()
 .text._Z17Serial1_availablev
                0xffe00cfa       0x16 ./gr_common/core/HardwareSerial.o
                0xffe00cfa                Serial1_available()
 .text._Z17Serial2_availablev
                0xffe00d10       0x16 ./gr_common/core/HardwareSerial.o
                0xffe00d10                Serial2_available()
 .text._Z17Serial3_availablev
                0xffe00d26       0x16 ./gr_common/core/HardwareSerial.o
                0xffe00d26                Serial3_available()
 .text._Z17Serial4_availablev
                0xffe00d3c       0x16 ./gr_common/core/HardwareSerial.o
                0xffe00d3c                Serial4_available()
 .text._Z17Serial5_availablev
                0xffe00d52       0x16 ./gr_common/core/HardwareSerial.o
                0xffe00d52                Serial5_available()
 .text._ZN14HardwareSerialD0Ev
                0xffe00d68        0xa ./gr_common/core/HardwareSerial.o
                0xffe00d68                HardwareSerial::~HardwareSerial()
 .text._ZN14HardwareSerial17_tx_udr_empty_irqEv.part.0
                0xffe00d72       0x1d ./gr_common/core/HardwareSerial.o
 .text._ZN14HardwareSerial5writeEh
                0xffe00d8f       0xf3 ./gr_common/core/HardwareSerial.o
                0xffe00d8f                HardwareSerial::write(unsigned char)
 .text._ZN14HardwareSerialC2EiPV7st_sci06MstpIdii
                0xffe00e82       0x3b ./gr_common/core/HardwareSerial.o
                0xffe00e82                HardwareSerial::HardwareSerial(int, st_sci0 volatile*, MstpId, int, int)
                0xffe00e82                HardwareSerial::HardwareSerial(int, st_sci0 volatile*, MstpId, int, int)
 .text._ZN14HardwareSerial16_rx_complete_irqEv
                0xffe00ebd       0x71 ./gr_common/core/HardwareSerial.o
                0xffe00ebd                HardwareSerial::_rx_complete_irq()
 .text._ZN14HardwareSerial17_buffer_availableEv
                0xffe00f2e        0xb ./gr_common/core/HardwareSerial.o
                0xffe00f2e                HardwareSerial::_buffer_available()
 .text._Z14serialEventRunv
                0xffe00f39       0xca ./gr_common/core/HardwareSerial.o
                0xffe00f39                serialEventRun()
 .text._ZN14HardwareSerial17_tx_udr_empty_irqEv
                0xffe01003        0xf ./gr_common/core/HardwareSerial.o
                0xffe01003                HardwareSerial::_tx_udr_empty_irq()
 .text._ZN14HardwareSerial5beginEmh
                0xffe01012      0x2af ./gr_common/core/HardwareSerial.o
                0xffe01012                HardwareSerial::begin(unsigned long, unsigned char)
 .text._ZN14HardwareSerial3endEv
                0xffe012c1       0xac ./gr_common/core/HardwareSerial.o
                0xffe012c1                HardwareSerial::end()
 .text.ReadBulkOUTPacket
                0xffe0136d       0xd8 ./gr_common/core/HardwareSerial.o
                0xffe0136d                ReadBulkOUTPacket
 .text.WriteBulkINPacket
                0xffe01445       0xbc ./gr_common/core/HardwareSerial.o
                0xffe01445                WriteBulkINPacket
 .text.INT_Excep_SCI0_RXI0
                0xffe01501       0x28 ./gr_common/core/HardwareSerial.o
                0xffe01501                INT_Excep_SCI0_RXI0
 .text.INT_Excep_SCI0_TXI0
                0xffe01529       0x44 ./gr_common/core/HardwareSerial.o
                0xffe01529                INT_Excep_SCI0_TXI0
 .text.INT_Excep_SCI2_RXI2
                0xffe0156d       0x28 ./gr_common/core/HardwareSerial.o
                0xffe0156d                INT_Excep_SCI2_RXI2
 .text.INT_Excep_SCI2_TXI2
                0xffe01595       0x44 ./gr_common/core/HardwareSerial.o
                0xffe01595                INT_Excep_SCI2_TXI2
 .text.INT_Excep_SCI6_RXI6
                0xffe015d9       0x28 ./gr_common/core/HardwareSerial.o
                0xffe015d9                INT_Excep_SCI6_RXI6
 .text.INT_Excep_SCI6_TXI6
                0xffe01601       0x44 ./gr_common/core/HardwareSerial.o
                0xffe01601                INT_Excep_SCI6_TXI6
 .text.INT_Excep_SCI8_RXI8
                0xffe01645       0x28 ./gr_common/core/HardwareSerial.o
                0xffe01645                INT_Excep_SCI8_RXI8
 .text.INT_Excep_SCI8_TXI8
                0xffe0166d       0x44 ./gr_common/core/HardwareSerial.o
                0xffe0166d                INT_Excep_SCI8_TXI8
 .text.INT_Excep_SCI1_RXI1
                0xffe016b1       0x28 ./gr_common/core/HardwareSerial.o
                0xffe016b1                INT_Excep_SCI1_RXI1
 .text.INT_Excep_SCI1_TXI1
                0xffe016d9       0x44 ./gr_common/core/HardwareSerial.o
                0xffe016d9                INT_Excep_SCI1_TXI1
 .text.INT_Excep_ICU_GROUP12
                0xffe0171d       0xf4 ./gr_common/core/HardwareSerial.o
                0xffe0171d                INT_Excep_ICU_GROUP12
 .text.startup._GLOBAL__sub_I__ZN14HardwareSerialC2EiPV7st_sci06MstpIdii
                0xffe01811      0x1fc ./gr_common/core/HardwareSerial.o
 .text._ZNK9IPAddress7printToER5Print
                0xffe01a0d       0x3d ./gr_common/core/IPAddress.o
                0xffe01a0d                IPAddress::printTo(Print&) const
 .text._ZN9IPAddressC2Ev
                0xffe01a4a        0xa ./gr_common/core/IPAddress.o
                0xffe01a4a                IPAddress::IPAddress()
                0xffe01a4a                IPAddress::IPAddress()
 .text._ZN9IPAddressC2Ehhhh
                0xffe01a54       0x16 ./gr_common/core/IPAddress.o
                0xffe01a54                IPAddress::IPAddress(unsigned char, unsigned char, unsigned char, unsigned char)
                0xffe01a54                IPAddress::IPAddress(unsigned char, unsigned char, unsigned char, unsigned char)
 .text._ZN9IPAddressC2Em
                0xffe01a6a        0x9 ./gr_common/core/IPAddress.o
                0xffe01a6a                IPAddress::IPAddress(unsigned long)
                0xffe01a6a                IPAddress::IPAddress(unsigned long)
 .text._ZN9IPAddressaSEm
                0xffe01a73        0x3 ./gr_common/core/IPAddress.o
                0xffe01a73                IPAddress::operator=(unsigned long)
 .text._ZN9IPAddressC2EPKh
                0xffe01a76        0xa ./gr_common/core/IPAddress.o
                0xffe01a76                IPAddress::IPAddress(unsigned char const*)
                0xffe01a76                IPAddress::IPAddress(unsigned char const*)
 .text._ZN9IPAddressaSEPKh
                0xffe01a80        0x4 ./gr_common/core/IPAddress.o
                0xffe01a80                IPAddress::operator=(unsigned char const*)
 .text.startup.main
                0xffe01a84        0xe ./gr_common/core/main.o
                0xffe01a84                main
 .text._ZN8MsTimer23setEmPFvvE
                0xffe01a92       0x91 ./gr_common/core/MsTimer2.o
                0xffe01a92                MsTimer2::set(unsigned long, void (*)())
 .text._ZN8MsTimer25startEv
                0xffe01b23       0x2c ./gr_common/core/MsTimer2.o
                0xffe01b23                MsTimer2::start()
 .text._ZN8MsTimer24stopEv
                0xffe01b4f        0x8 ./gr_common/core/MsTimer2.o
                0xffe01b4f                MsTimer2::stop()
 .text._ZN8MsTimer29_overflowEv
                0xffe01b57       0x3c ./gr_common/core/MsTimer2.o
                0xffe01b57                MsTimer2::_overflow()
 .text.INT_Excep_TPU1_TGI1A
                0xffe01b93       0x22 ./gr_common/core/MsTimer2.o
                0xffe01b93                INT_Excep_TPU1_TGI1A
 .text._Znwm    0xffe01bb5        0x4 ./gr_common/core/new.o
                0xffe01bb5                operator new(unsigned long)
 .text._Znam    0xffe01bb9        0x4 ./gr_common/core/new.o
                0xffe01bb9                operator new[](unsigned long)
 .text._ZdlPv   0xffe01bbd        0x4 ./gr_common/core/new.o
                0xffe01bbd                operator delete(void*)
 .text._ZdaPv   0xffe01bc1        0x4 ./gr_common/core/new.o
                0xffe01bc1                operator delete[](void*)
 .text.__cxa_guard_acquire
                0xffe01bc5        0x8 ./gr_common/core/new.o
                0xffe01bc5                __cxa_guard_acquire
 .text.__cxa_guard_release
                0xffe01bcd        0x4 ./gr_common/core/new.o
                0xffe01bcd                __cxa_guard_release
 .text.__cxa_guard_abort
                0xffe01bd1        0x1 ./gr_common/core/new.o
                0xffe01bd1                __cxa_guard_abort
 .text.__cxa_pure_virtual
                0xffe01bd2        0x1 ./gr_common/core/new.o
                0xffe01bd2                __cxa_pure_virtual
 .text._ZN5Print5writeEPKhm
                0xffe01bd3       0x2a ./gr_common/core/Print.o
                0xffe01bd3                Print::write(unsigned char const*, unsigned long)
 .text._ZN5Print5printEPK19__FlashStringHelper
                0xffe01bfd       0x2a ./gr_common/core/Print.o
                0xffe01bfd                Print::print(__FlashStringHelper const*)
 .text._ZN5Print5printERK6String
                0xffe01c27        0xe ./gr_common/core/Print.o
                0xffe01c27                Print::print(String const&)
 .text._ZN5Print5printEPKc
                0xffe01c35       0x25 ./gr_common/core/Print.o
                0xffe01c35                Print::print(char const*)
 .text._ZN5Print5printEc
                0xffe01c5a        0x7 ./gr_common/core/Print.o
                0xffe01c5a                Print::print(char)
 .text._ZN5Print5printERK9Printable
                0xffe01c61        0xd ./gr_common/core/Print.o
                0xffe01c61                Print::print(Printable const&)
 .text._ZN5Print7printlnEv
                0xffe01c6e       0x1d ./gr_common/core/Print.o
                0xffe01c6e                Print::println()
 .text._ZN5Print7printlnEPK19__FlashStringHelper
                0xffe01c8b       0x30 ./gr_common/core/Print.o
                0xffe01c8b                Print::println(__FlashStringHelper const*)
 .text._ZN5Print7printlnERK6String
                0xffe01cbb       0x1f ./gr_common/core/Print.o
                0xffe01cbb                Print::println(String const&)
 .text._ZN5Print7printlnEPKc
                0xffe01cda       0x39 ./gr_common/core/Print.o
                0xffe01cda                Print::println(char const*)
 .text._ZN5Print7printlnEc
                0xffe01d13       0x17 ./gr_common/core/Print.o
                0xffe01d13                Print::println(char)
 .text._ZN5Print7printlnERK9Printable
                0xffe01d2a       0x1d ./gr_common/core/Print.o
                0xffe01d2a                Print::println(Printable const&)
 .text._ZN5Print11printNumberEmh
                0xffe01d47       0x58 ./gr_common/core/Print.o
                0xffe01d47                Print::printNumber(unsigned long, unsigned char)
 .text._ZN5Print5printEli
                0xffe01d9f       0x41 ./gr_common/core/Print.o
                0xffe01d9f                Print::print(long, int)
 .text._ZN5Print5printEii
                0xffe01de0        0x4 ./gr_common/core/Print.o
                0xffe01de0                Print::print(int, int)
 .text._ZN5Print7printlnEii
                0xffe01de4       0x15 ./gr_common/core/Print.o
                0xffe01de4                Print::println(int, int)
 .text._ZN5Print7printlnEli
                0xffe01df9       0x15 ./gr_common/core/Print.o
                0xffe01df9                Print::println(long, int)
 .text._ZN5Print5printEmi
                0xffe01e0e        0xe ./gr_common/core/Print.o
                0xffe01e0e                Print::print(unsigned long, int)
 .text._ZN5Print5printEhi
                0xffe01e1c        0x6 ./gr_common/core/Print.o
                0xffe01e1c                Print::print(unsigned char, int)
 .text._ZN5Print7printlnEhi
                0xffe01e22       0x17 ./gr_common/core/Print.o
                0xffe01e22                Print::println(unsigned char, int)
 .text._ZN5Print5printEji
                0xffe01e39        0x4 ./gr_common/core/Print.o
                0xffe01e39                Print::print(unsigned int, int)
 .text._ZN5Print7printlnEji
                0xffe01e3d       0x15 ./gr_common/core/Print.o
                0xffe01e3d                Print::println(unsigned int, int)
 .text._ZN5Print7printlnEmi
                0xffe01e52       0x15 ./gr_common/core/Print.o
                0xffe01e52                Print::println(unsigned long, int)
 .text._ZN5Print10printFloatEdh
                0xffe01e67      0x1a2 ./gr_common/core/Print.o
                0xffe01e67                Print::printFloat(double, unsigned char)
 .text._ZN5Print5printEdi
                0xffe02009        0x4 ./gr_common/core/Print.o
                0xffe02009                Print::print(double, int)
 .text._ZN5Print7printlnEdi
                0xffe0200d       0x15 ./gr_common/core/Print.o
                0xffe0200d                Print::println(double, int)
 .text._ZN6Stream9timedReadEv
                0xffe02022       0x31 ./gr_common/core/Stream.o
                0xffe02022                Stream::timedRead()
 .text._ZN6Stream9findUntilEPcmS0_m.part.0
                0xffe02053       0x67 ./gr_common/core/Stream.o
 .text._ZN6Stream9timedPeekEv
                0xffe020ba       0x31 ./gr_common/core/Stream.o
                0xffe020ba                Stream::timedPeek()
 .text._ZN6Stream13peekNextDigitEv
                0xffe020eb       0x2c ./gr_common/core/Stream.o
                0xffe020eb                Stream::peekNextDigit()
 .text._ZN6Stream10setTimeoutEm
                0xffe02117        0x3 ./gr_common/core/Stream.o
                0xffe02117                Stream::setTimeout(unsigned long)
 .text._ZN6Stream4findEPcm
                0xffe0211a       0x19 ./gr_common/core/Stream.o
                0xffe0211a                Stream::find(char*, unsigned long)
 .text._ZN6Stream9findUntilEPcS0_
                0xffe02133       0x37 ./gr_common/core/Stream.o
                0xffe02133                Stream::findUntil(char*, char*)
 .text._ZN6Stream4findEPc
                0xffe0216a        0x6 ./gr_common/core/Stream.o
                0xffe0216a                Stream::find(char*)
 .text._ZN6Stream9findUntilEPcmS0_m
                0xffe02170       0x16 ./gr_common/core/Stream.o
                0xffe02170                Stream::findUntil(char*, unsigned long, char*, unsigned long)
 .text._ZN6Stream8parseIntEc
                0xffe02186       0x61 ./gr_common/core/Stream.o
                0xffe02186                Stream::parseInt(char)
 .text._ZN6Stream8parseIntEv
                0xffe021e7        0x6 ./gr_common/core/Stream.o
                0xffe021e7                Stream::parseInt()
 .text._ZN6Stream10parseFloatEc
                0xffe021ed       0xaf ./gr_common/core/Stream.o
                0xffe021ed                Stream::parseFloat(char)
 .text._ZN6Stream10parseFloatEv
                0xffe0229c        0x6 ./gr_common/core/Stream.o
                0xffe0229c                Stream::parseFloat()
 .text._ZN6Stream9readBytesEPcm
                0xffe022a2       0x2a ./gr_common/core/Stream.o
                0xffe022a2                Stream::readBytes(char*, unsigned long)
 .text._ZN6Stream14readBytesUntilEcPcm
                0xffe022cc       0x32 ./gr_common/core/Stream.o
                0xffe022cc                Stream::readBytesUntil(char, char*, unsigned long)
 .text._ZN6Stream10readStringEv
                0xffe022fe       0x7a ./gr_common/core/Stream.o
                0xffe022fe                Stream::readString()
 .text._ZN6Stream15readStringUntilEc
                0xffe02378       0x8f ./gr_common/core/Stream.o
                0xffe02378                Stream::readStringUntil(char)
 .text._Z4tonehjm
                0xffe02407       0x31 ./gr_common/core/Tone.o
                0xffe02407                tone(unsigned char, unsigned int, unsigned long)
 .text.resetPinModeTone
                0xffe02438        0x4 ./gr_common/core/Tone.o
                0xffe02438                resetPinModeTone
 .text._Z12disableTimerh
                0xffe0243c        0x1 ./gr_common/core/Tone.o
                0xffe0243c                disableTimer(unsigned char)
 .text._Z6noToneh
                0xffe0243d       0x14 ./gr_common/core/Tone.o
                0xffe0243d                noTone(unsigned char)
 .text.set_frequency_for_analogwrite
                0xffe02451       0x1d ./gr_common/core/utilities.o
                0xffe02451                set_frequency_for_analogwrite
 .text.generate_brk
                0xffe0246e        0x8 ./gr_common/core/utilities.o
                0xffe0246e                generate_brk
 .text.attachIntervalTimerHandler
                0xffe02476       0x70 ./gr_common/core/utilities.o
                0xffe02476                attachIntervalTimerHandler
 .text.detachIntervalTimerHandler
                0xffe024e6       0x11 ./gr_common/core/utilities.o
                0xffe024e6                detachIntervalTimerHandler
 .text.attachCyclicHandler
                0xffe024f7       0x2d ./gr_common/core/utilities.o
                0xffe024f7                attachCyclicHandler
 .text.detachCyclicHandler
                0xffe02524       0x29 ./gr_common/core/utilities.o
                0xffe02524                detachCyclicHandler
 .text.execCyclicHandler
                0xffe0254d       0x4f ./gr_common/core/utilities.o
                0xffe0254d                execCyclicHandler
 .text.timer_regist_userfunc
                0xffe0259c       0x1d ./gr_common/core/utilities.o
                0xffe0259c                timer_regist_userfunc
 .text.INT_Excep_TPU5_TGI5A
                0xffe025b9       0x17 ./gr_common/core/utilities.o
                0xffe025b9                INT_Excep_TPU5_TGI5A
 .text._Z10randomSeedj
                0xffe025d0        0x9 ./gr_common/core/WMath.o
                0xffe025d0                randomSeed(unsigned int)
 .text._Z6randoml
                0xffe025d9       0x1b ./gr_common/core/WMath.o
                0xffe025d9                random(long)
 .text._Z6randomll
                0xffe025f4       0x25 ./gr_common/core/WMath.o
                0xffe025f4                random(long, long)
 .text._Z3maplllll
                0xffe02619       0x14 ./gr_common/core/WMath.o
                0xffe02619                map(long, long, long, long, long)
 .text._Z8makeWordt
                0xffe0262d        0x3 ./gr_common/core/WMath.o
                0xffe0262d                makeWord(unsigned short)
 .text._Z8makeWordhh
                0xffe02630        0x9 ./gr_common/core/WMath.o
                0xffe02630                makeWord(unsigned char, unsigned char)
 .text._ZN6StringD2Ev
                0xffe02639        0x6 ./gr_common/core/WString.o
                0xffe02639                String::~String()
                0xffe02639                String::~String()
 .text._ZN6String10invalidateEv
                0xffe0263f       0x19 ./gr_common/core/WString.o
                0xffe0263f                String::invalidate()
 .text._ZN6String7reserveEj
                0xffe02658       0x31 ./gr_common/core/WString.o
                0xffe02658                String::reserve(unsigned int)
 .text._ZN6String12changeBufferEj
                0xffe02689       0x1d ./gr_common/core/WString.o
                0xffe02689                String::changeBuffer(unsigned int)
 .text._ZN6String4copyEPKcj
                0xffe026a6       0x49 ./gr_common/core/WString.o
                0xffe026a6                String::copy(char const*, unsigned int)
 .text._ZN6StringC2EPKc
                0xffe026ef       0x2c ./gr_common/core/WString.o
                0xffe026ef                String::String(char const*)
                0xffe026ef                String::String(char const*)
 .text._ZN6String4copyEPK19__FlashStringHelperj
                0xffe0271b       0x49 ./gr_common/core/WString.o
                0xffe0271b                String::copy(__FlashStringHelper const*, unsigned int)
 .text._ZN6StringaSERKS_
                0xffe02764       0x32 ./gr_common/core/WString.o
                0xffe02764                String::operator=(String const&)
 .text._ZN6StringC2ERKS_
                0xffe02796        0xd ./gr_common/core/WString.o
                0xffe02796                String::String(String const&)
                0xffe02796                String::String(String const&)
 .text._ZN6StringaSEPKc
                0xffe027a3       0x38 ./gr_common/core/WString.o
                0xffe027a3                String::operator=(char const*)
 .text._ZN6StringC2Ec
                0xffe027db       0x18 ./gr_common/core/WString.o
                0xffe027db                String::String(char)
                0xffe027db                String::String(char)
 .text._ZN6StringC2Ehh
                0xffe027f3       0x24 ./gr_common/core/WString.o
                0xffe027f3                String::String(unsigned char, unsigned char)
                0xffe027f3                String::String(unsigned char, unsigned char)
 .text._ZN6StringC2Eih
                0xffe02817       0x25 ./gr_common/core/WString.o
                0xffe02817                String::String(int, unsigned char)
                0xffe02817                String::String(int, unsigned char)
 .text._ZN6StringC2Ejh
                0xffe0283c       0x25 ./gr_common/core/WString.o
                0xffe0283c                String::String(unsigned int, unsigned char)
                0xffe0283c                String::String(unsigned int, unsigned char)
 .text._ZN6StringC2Elh
                0xffe02861       0x25 ./gr_common/core/WString.o
                0xffe02861                String::String(long, unsigned char)
                0xffe02861                String::String(long, unsigned char)
 .text._ZN6StringC2Emh
                0xffe02886       0x25 ./gr_common/core/WString.o
                0xffe02886                String::String(unsigned long, unsigned char)
                0xffe02886                String::String(unsigned long, unsigned char)
 .text._ZN6StringC2Efh
                0xffe028ab       0x32 ./gr_common/core/WString.o
                0xffe028ab                String::String(float, unsigned char)
                0xffe028ab                String::String(float, unsigned char)
 .text._ZN6StringC2Edh
                0xffe028dd       0x2c ./gr_common/core/WString.o
                0xffe028dd                String::String(double, unsigned char)
                0xffe028dd                String::String(double, unsigned char)
 .text._ZN6StringaSEPK19__FlashStringHelper
                0xffe02909       0x38 ./gr_common/core/WString.o
                0xffe02909                String::operator=(__FlashStringHelper const*)
 .text._ZN6StringC2EPK19__FlashStringHelper
                0xffe02941        0xd ./gr_common/core/WString.o
                0xffe02941                String::String(__FlashStringHelper const*)
                0xffe02941                String::String(__FlashStringHelper const*)
 .text._ZN6String6concatEPKcj
                0xffe0294e       0x4f ./gr_common/core/WString.o
                0xffe0294e                String::concat(char const*, unsigned int)
 .text._ZN6String6concatERKS_
                0xffe0299d        0xb ./gr_common/core/WString.o
                0xffe0299d                String::concat(String const&)
 .text._ZN6String6concatEPKc
                0xffe029a8       0x23 ./gr_common/core/WString.o
                0xffe029a8                String::concat(char const*)
 .text._ZN6String6concatEc
                0xffe029cb       0x11 ./gr_common/core/WString.o
                0xffe029cb                String::concat(char)
 .text._ZN6String6concatEh
                0xffe029dc       0x23 ./gr_common/core/WString.o
                0xffe029dc                String::concat(unsigned char)
 .text._ZN6String6concatEi
                0xffe029ff       0x24 ./gr_common/core/WString.o
                0xffe029ff                String::concat(int)
 .text._ZN6String6concatEj
                0xffe02a23       0x24 ./gr_common/core/WString.o
                0xffe02a23                String::concat(unsigned int)
 .text._ZN6String6concatEl
                0xffe02a47       0x24 ./gr_common/core/WString.o
                0xffe02a47                String::concat(long)
 .text._ZN6String6concatEm
                0xffe02a6b       0x24 ./gr_common/core/WString.o
                0xffe02a6b                String::concat(unsigned long)
 .text._ZN6String6concatEf
                0xffe02a8f       0x2e ./gr_common/core/WString.o
                0xffe02a8f                String::concat(float)
 .text._ZN6String6concatEd
                0xffe02abd       0x2c ./gr_common/core/WString.o
                0xffe02abd                String::concat(double)
 .text._ZN6String6concatEPK19__FlashStringHelper
                0xffe02ae9       0x57 ./gr_common/core/WString.o
                0xffe02ae9                String::concat(__FlashStringHelper const*)
 .text._ZplRK15StringSumHelperRK6String
                0xffe02b40       0x29 ./gr_common/core/WString.o
                0xffe02b40                operator+(StringSumHelper const&, String const&)
 .text._ZplRK15StringSumHelperPKc
                0xffe02b69       0x37 ./gr_common/core/WString.o
                0xffe02b69                operator+(StringSumHelper const&, char const*)
 .text._ZplRK15StringSumHelperc
                0xffe02ba0       0x2e ./gr_common/core/WString.o
                0xffe02ba0                operator+(StringSumHelper const&, char)
 .text._ZplRK15StringSumHelperh
                0xffe02bce       0x23 ./gr_common/core/WString.o
                0xffe02bce                operator+(StringSumHelper const&, unsigned char)
 .text._ZplRK15StringSumHelperi
                0xffe02bf1       0x23 ./gr_common/core/WString.o
                0xffe02bf1                operator+(StringSumHelper const&, int)
 .text._ZplRK15StringSumHelperj
                0xffe02c14       0x23 ./gr_common/core/WString.o
                0xffe02c14                operator+(StringSumHelper const&, unsigned int)
 .text._ZplRK15StringSumHelperl
                0xffe02c37       0x23 ./gr_common/core/WString.o
                0xffe02c37                operator+(StringSumHelper const&, long)
 .text._ZplRK15StringSumHelperm
                0xffe02c5a       0x23 ./gr_common/core/WString.o
                0xffe02c5a                operator+(StringSumHelper const&, unsigned long)
 .text._ZplRK15StringSumHelperf
                0xffe02c7d       0x23 ./gr_common/core/WString.o
                0xffe02c7d                operator+(StringSumHelper const&, float)
 .text._ZplRK15StringSumHelperd
                0xffe02ca0       0x23 ./gr_common/core/WString.o
                0xffe02ca0                operator+(StringSumHelper const&, double)
 .text._ZplRK15StringSumHelperPK19__FlashStringHelper
                0xffe02cc3       0x23 ./gr_common/core/WString.o
                0xffe02cc3                operator+(StringSumHelper const&, __FlashStringHelper const*)
 .text._ZNK6String9compareToERKS_
                0xffe02ce6       0x42 ./gr_common/core/WString.o
                0xffe02ce6                String::compareTo(String const&) const
 .text._ZNK6String6equalsERKS_
                0xffe02d28       0x19 ./gr_common/core/WString.o
                0xffe02d28                String::equals(String const&) const
 .text._ZNK6String6equalsEPKc
                0xffe02d41       0x3c ./gr_common/core/WString.o
                0xffe02d41                String::equals(char const*) const
 .text._ZNK6StringltERKS_
                0xffe02d7d        0x7 ./gr_common/core/WString.o
                0xffe02d7d                String::operator<(String const&) const
 .text._ZNK6StringgtERKS_
                0xffe02d84        0xa ./gr_common/core/WString.o
                0xffe02d84                String::operator>(String const&) const
 .text._ZNK6StringleERKS_
                0xffe02d8e        0xa ./gr_common/core/WString.o
                0xffe02d8e                String::operator<=(String const&) const
 .text._ZNK6StringgeERKS_
                0xffe02d98        0xa ./gr_common/core/WString.o
                0xffe02d98                String::operator>=(String const&) const
 .text._ZNK6String16equalsIgnoreCaseERKS_
                0xffe02da2       0x43 ./gr_common/core/WString.o
                0xffe02da2                String::equalsIgnoreCase(String const&) const
 .text._ZNK6String10startsWithERKS_j
                0xffe02de5       0x31 ./gr_common/core/WString.o
                0xffe02de5                String::startsWith(String const&, unsigned int) const
 .text._ZNK6String10startsWithERKS_
                0xffe02e16       0x12 ./gr_common/core/WString.o
                0xffe02e16                String::startsWith(String const&) const
 .text._ZNK6String8endsWithERKS_
                0xffe02e28       0x3d ./gr_common/core/WString.o
                0xffe02e28                String::endsWith(String const&) const
 .text._ZNK6String6charAtEj
                0xffe02e65       0x16 ./gr_common/core/WString.o
                0xffe02e65                String::charAt(unsigned int) const
 .text._ZN6String9setCharAtEjc
                0xffe02e7b        0xd ./gr_common/core/WString.o
                0xffe02e7b                String::setCharAt(unsigned int, char)
 .text._ZN6StringixEj
                0xffe02e88       0x1b ./gr_common/core/WString.o
                0xffe02e88                String::operator[](unsigned int)
 .text._ZNK6StringixEj
                0xffe02ea3       0x17 ./gr_common/core/WString.o
                0xffe02ea3                String::operator[](unsigned int) const
 .text._ZNK6String8getBytesEPhjj
                0xffe02eba       0x38 ./gr_common/core/WString.o
                0xffe02eba                String::getBytes(unsigned char*, unsigned int, unsigned int) const
 .text._ZNK6String7indexOfEcj
                0xffe02ef2       0x21 ./gr_common/core/WString.o
                0xffe02ef2                String::indexOf(char, unsigned int) const
 .text._ZNK6String7indexOfEc
                0xffe02f13        0x6 ./gr_common/core/WString.o
                0xffe02f13                String::indexOf(char) const
 .text._ZNK6String7indexOfERKS_j
                0xffe02f19       0x21 ./gr_common/core/WString.o
                0xffe02f19                String::indexOf(String const&, unsigned int) const
 .text._ZNK6String7indexOfERKS_
                0xffe02f3a        0x6 ./gr_common/core/WString.o
                0xffe02f3a                String::indexOf(String const&) const
 .text._ZNK6String11lastIndexOfEcj
                0xffe02f40       0x34 ./gr_common/core/WString.o
                0xffe02f40                String::lastIndexOf(char, unsigned int) const
 .text._ZNK6String11lastIndexOfEc
                0xffe02f74        0x8 ./gr_common/core/WString.o
                0xffe02f74                String::lastIndexOf(char) const
 .text._ZNK6String11lastIndexOfERKS_j
                0xffe02f7c       0x56 ./gr_common/core/WString.o
                0xffe02f7c                String::lastIndexOf(String const&, unsigned int) const
 .text._ZNK6String11lastIndexOfERKS_
                0xffe02fd2        0xb ./gr_common/core/WString.o
                0xffe02fd2                String::lastIndexOf(String const&) const
 .text._ZNK6String9substringEjj
                0xffe02fdd       0x48 ./gr_common/core/WString.o
                0xffe02fdd                String::substring(unsigned int, unsigned int) const
 .text._ZN6String7replaceEcc
                0xffe03025       0x26 ./gr_common/core/WString.o
                0xffe03025                String::replace(char, char)
 .text._ZN6String7replaceERKS_S1_
                0xffe0304b      0x128 ./gr_common/core/WString.o
                0xffe0304b                String::replace(String const&, String const&)
 .text._ZN6String6removeEjj
                0xffe03173       0x39 ./gr_common/core/WString.o
                0xffe03173                String::remove(unsigned int, unsigned int)
 .text._ZN6String6removeEj
                0xffe031ac        0xd ./gr_common/core/WString.o
                0xffe031ac                String::remove(unsigned int)
 .text._ZN6String11toLowerCaseEv
                0xffe031b9       0x19 ./gr_common/core/WString.o
                0xffe031b9                String::toLowerCase()
 .text._ZN6String11toUpperCaseEv
                0xffe031d2       0x19 ./gr_common/core/WString.o
                0xffe031d2                String::toUpperCase()
 .text._ZN6String4trimEv
                0xffe031eb       0x5d ./gr_common/core/WString.o
                0xffe031eb                String::trim()
 .text._ZNK6String5toIntEv
                0xffe03248        0xa ./gr_common/core/WString.o
                0xffe03248                String::toInt() const
 .text._ZNK6String7toFloatEv
                0xffe03252       0x11 ./gr_common/core/WString.o
                0xffe03252                String::toFloat() const
 .text._Z4meanPfi
                0xffe03263       0x13 ./gr_common/lib/DSP/DSP.o
                0xffe03263                mean(float*, int)
 .text._Z4meanPii
                0xffe03276       0x13 ./gr_common/lib/DSP/DSP.o
                0xffe03276                mean(int*, int)
 .text._Z4meanPsi
                0xffe03289       0x13 ./gr_common/lib/DSP/DSP.o
                0xffe03289                mean(short*, int)
 .text._ZN11EEPROMClassC2Ev
                0xffe0329c        0x4 ./gr_common/lib/EEPROM/EEPROM.o
                0xffe0329c                EEPROMClass::EEPROMClass()
                0xffe0329c                EEPROMClass::EEPROMClass()
 .text._ZN11EEPROMClass4readEi
                0xffe032a0       0x29 ./gr_common/lib/EEPROM/EEPROM.o
                0xffe032a0                EEPROMClass::read(int)
 .text._ZN11EEPROMClass5writeEih
                0xffe032c9      0x138 ./gr_common/lib/EEPROM/EEPROM.o
                0xffe032c9                EEPROMClass::write(int, unsigned char)
 .text.startup._GLOBAL__sub_I__ZN11EEPROMClassC2Ev
                0xffe03401        0x4 ./gr_common/lib/EEPROM/EEPROM.o
 .text._ZN7ESP826613dataAvailableEv
                0xffe03405        0xf ./gr_common/lib/ESP8266_Arduino_AT/ESP8266.o
                0xffe03405                ESP8266::dataAvailable()
 .text._ZN7ESP82668rx_emptyEv
                0xffe03414       0x1e ./gr_common/lib/ESP8266_Arduino_AT/ESP8266.o
                0xffe03414                ESP8266::rx_empty()
 .text._ZN7ESP82665beginER14HardwareSerialm
                0xffe03432       0x1a ./gr_common/lib/ESP8266_Arduino_AT/ESP8266.o
                0xffe03432                ESP8266::begin(HardwareSerial&, unsigned long)
 .text._ZN7ESP82667recvPkgEPhmPmmS0_
                0xffe0344c      0x303 ./gr_common/lib/ESP8266_Arduino_AT/ESP8266.o
                0xffe0344c                ESP8266::recvPkg(unsigned char*, unsigned long, unsigned long*, unsigned long, unsigned char*)
 .text._ZN7ESP82664recvEPhmm
                0xffe0374f        0xf ./gr_common/lib/ESP8266_Arduino_AT/ESP8266.o
                0xffe0374f                ESP8266::recv(unsigned char*, unsigned long, unsigned long)
 .text._ZN7ESP82664recvEhPhmm
                0xffe0375e       0x2d ./gr_common/lib/ESP8266_Arduino_AT/ESP8266.o
                0xffe0375e                ESP8266::recv(unsigned char, unsigned char*, unsigned long, unsigned long)
 .text._ZN7ESP82664recvEPhS0_mm
                0xffe0378b       0x13 ./gr_common/lib/ESP8266_Arduino_AT/ESP8266.o
                0xffe0378b                ESP8266::recv(unsigned char*, unsigned char*, unsigned long, unsigned long)
 .text._ZN7ESP826610recvStringE6Stringm
                0xffe0379e       0xbb ./gr_common/lib/ESP8266_Arduino_AT/ESP8266.o
                0xffe0379e                ESP8266::recvString(String, unsigned long)
 .text._ZN7ESP826610recvStringE6StringS0_m
                0xffe03859       0xcd ./gr_common/lib/ESP8266_Arduino_AT/ESP8266.o
                0xffe03859                ESP8266::recvString(String, String, unsigned long)
 .text._ZN7ESP826610recvStringE6StringS0_S0_m
                0xffe03926       0xde ./gr_common/lib/ESP8266_Arduino_AT/ESP8266.o
                0xffe03926                ESP8266::recvString(String, String, String, unsigned long)
 .text._ZN7ESP82668recvFindE6Stringm
                0xffe03a04       0xe0 ./gr_common/lib/ESP8266_Arduino_AT/ESP8266.o
                0xffe03a04                ESP8266::recvFind(String, unsigned long)
 .text._ZN7ESP826617recvFindAndFilterE6StringS0_S0_RS0_m
                0xffe03ae4      0x15d ./gr_common/lib/ESP8266_Arduino_AT/ESP8266.o
                0xffe03ae4                ESP8266::recvFindAndFilter(String, String, String, String&, unsigned long)
 .text._ZN7ESP82663eATEv
                0xffe03c41       0x89 ./gr_common/lib/ESP8266_Arduino_AT/ESP8266.o
                0xffe03c41                ESP8266::eAT()
 .text._ZN7ESP82664kickEv
                0xffe03cca        0x4 ./gr_common/lib/ESP8266_Arduino_AT/ESP8266.o
                0xffe03cca                ESP8266::kick()
 .text._ZN7ESP82666eATRSTEv
                0xffe03cce       0x89 ./gr_common/lib/ESP8266_Arduino_AT/ESP8266.o
                0xffe03cce                ESP8266::eATRST()
 .text._ZN7ESP82667restartEv
                0xffe03d57       0x68 ./gr_common/lib/ESP8266_Arduino_AT/ESP8266.o
                0xffe03d57                ESP8266::restart()
 .text._ZN7ESP82666eATGMRER6String
                0xffe03dbf       0xfb ./gr_common/lib/ESP8266_Arduino_AT/ESP8266.o
                0xffe03dbf                ESP8266::eATGMR(String&)
 .text._ZN7ESP826610getVersionEv
                0xffe03eba       0x66 ./gr_common/lib/ESP8266_Arduino_AT/ESP8266.o
                0xffe03eba                ESP8266::getVersion()
 .text._ZN7ESP82669qATCWMODEEPh
                0xffe03f20      0x14c ./gr_common/lib/ESP8266_Arduino_AT/ESP8266.o
                0xffe03f20                ESP8266::qATCWMODE(unsigned char*)
 .text._ZN7ESP82669sATCWMODEEh
                0xffe0406c      0x19d ./gr_common/lib/ESP8266_Arduino_AT/ESP8266.o
                0xffe0406c                ESP8266::sATCWMODE(unsigned char)
 .text._ZN7ESP826615setOprToStationEv
                0xffe04209       0x38 ./gr_common/lib/ESP8266_Arduino_AT/ESP8266.o
                0xffe04209                ESP8266::setOprToStation()
 .text._ZN7ESP826614setOprToSoftAPEv
                0xffe04241       0x38 ./gr_common/lib/ESP8266_Arduino_AT/ESP8266.o
                0xffe04241                ESP8266::setOprToSoftAP()
 .text._ZN7ESP826621setOprToStationSoftAPEv
                0xffe04279       0x38 ./gr_common/lib/ESP8266_Arduino_AT/ESP8266.o
                0xffe04279                ESP8266::setOprToStationSoftAP()
 .text._ZN7ESP82668sATCWJAPE6StringS0_
                0xffe042b1      0x178 ./gr_common/lib/ESP8266_Arduino_AT/ESP8266.o
                0xffe042b1                ESP8266::sATCWJAP(String, String)
 .text._ZN7ESP82666joinAPE6StringS0_
                0xffe04429       0xa2 ./gr_common/lib/ESP8266_Arduino_AT/ESP8266.o
                0xffe04429                ESP8266::joinAP(String, String)
 .text._ZN7ESP82668eATCWLAPER6String
                0xffe044cb      0x123 ./gr_common/lib/ESP8266_Arduino_AT/ESP8266.o
                0xffe044cb                ESP8266::eATCWLAP(String&)
 .text._ZN7ESP82669getAPListEv
                0xffe045ee       0x66 ./gr_common/lib/ESP8266_Arduino_AT/ESP8266.o
                0xffe045ee                ESP8266::getAPList()
 .text._ZN7ESP82668eATCWQAPEv
                0xffe04654       0xbb ./gr_common/lib/ESP8266_Arduino_AT/ESP8266.o
                0xffe04654                ESP8266::eATCWQAP()
 .text._ZN7ESP82667leaveAPEv
                0xffe0470f        0x4 ./gr_common/lib/ESP8266_Arduino_AT/ESP8266.o
                0xffe0470f                ESP8266::leaveAP()
 .text._ZN7ESP82668sATCWSAPE6StringS0_hh
                0xffe04713      0x1a2 ./gr_common/lib/ESP8266_Arduino_AT/ESP8266.o
                0xffe04713                ESP8266::sATCWSAP(String, String, unsigned char, unsigned char)
 .text._ZN7ESP826614setSoftAPParamE6StringS0_hh
                0xffe048b5       0xbb ./gr_common/lib/ESP8266_Arduino_AT/ESP8266.o
                0xffe048b5                ESP8266::setSoftAPParam(String, String, unsigned char, unsigned char)
 .text._ZN7ESP82668eATCWLIFER6String
                0xffe04970      0x123 ./gr_common/lib/ESP8266_Arduino_AT/ESP8266.o
                0xffe04970                ESP8266::eATCWLIF(String&)
 .text._ZN7ESP826617getJoinedDeviceIPEv
                0xffe04a93       0x66 ./gr_common/lib/ESP8266_Arduino_AT/ESP8266.o
                0xffe04a93                ESP8266::getJoinedDeviceIP()
 .text._ZN7ESP826612eATCIPSTATUSER6String
                0xffe04af9      0x12a ./gr_common/lib/ESP8266_Arduino_AT/ESP8266.o
                0xffe04af9                ESP8266::eATCIPSTATUS(String&)
 .text._ZN7ESP826611getIPStatusEv
                0xffe04c23       0x66 ./gr_common/lib/ESP8266_Arduino_AT/ESP8266.o
                0xffe04c23                ESP8266::getIPStatus()
 .text._ZN7ESP826617sATCIPSTARTSingleE6StringS0_m
                0xffe04c89      0x20a ./gr_common/lib/ESP8266_Arduino_AT/ESP8266.o
                0xffe04c89                ESP8266::sATCIPSTARTSingle(String, String, unsigned long)
 .text._ZN7ESP82669createTCPE6Stringm
                0xffe04e93       0xa8 ./gr_common/lib/ESP8266_Arduino_AT/ESP8266.o
                0xffe04e93                ESP8266::createTCP(String, unsigned long)
 .text._ZN7ESP826611registerUDPE6Stringm
                0xffe04f3b       0xa8 ./gr_common/lib/ESP8266_Arduino_AT/ESP8266.o
                0xffe04f3b                ESP8266::registerUDP(String, unsigned long)
 .text._ZN7ESP826619sATCIPSTARTMultipleEh6StringS0_m
                0xffe04fe3      0x225 ./gr_common/lib/ESP8266_Arduino_AT/ESP8266.o
                0xffe04fe3                ESP8266::sATCIPSTARTMultiple(unsigned char, String, String, unsigned long)
 .text._ZN7ESP82669createTCPEh6Stringm
                0xffe05208       0xbb ./gr_common/lib/ESP8266_Arduino_AT/ESP8266.o
                0xffe05208                ESP8266::createTCP(unsigned char, String, unsigned long)
 .text._ZN7ESP826611registerUDPEh6Stringm
                0xffe052c3       0xbb ./gr_common/lib/ESP8266_Arduino_AT/ESP8266.o
                0xffe052c3                ESP8266::registerUDP(unsigned char, String, unsigned long)
 .text._ZN7ESP826616sATCIPSENDSingleEPKhm
                0xffe0537e      0x139 ./gr_common/lib/ESP8266_Arduino_AT/ESP8266.o
                0xffe0537e                ESP8266::sATCIPSENDSingle(unsigned char const*, unsigned long)
 .text._ZN7ESP82664sendEPKhm
                0xffe054b7        0x4 ./gr_common/lib/ESP8266_Arduino_AT/ESP8266.o
                0xffe054b7                ESP8266::send(unsigned char const*, unsigned long)
 .text._ZN7ESP826618sATCIPSENDMultipleEhPKhm
                0xffe054bb      0x153 ./gr_common/lib/ESP8266_Arduino_AT/ESP8266.o
                0xffe054bb                ESP8266::sATCIPSENDMultiple(unsigned char, unsigned char const*, unsigned long)
 .text._ZN7ESP82664sendEhPKhm
                0xffe0560e        0x4 ./gr_common/lib/ESP8266_Arduino_AT/ESP8266.o
                0xffe0560e                ESP8266::send(unsigned char, unsigned char const*, unsigned long)
 .text._ZN7ESP826616sATCIPSENDSingleER6String
                0xffe05612      0x143 ./gr_common/lib/ESP8266_Arduino_AT/ESP8266.o
                0xffe05612                ESP8266::sATCIPSENDSingle(String&)
 .text._ZN7ESP82664sendER6String
                0xffe05755        0x4 ./gr_common/lib/ESP8266_Arduino_AT/ESP8266.o
                0xffe05755                ESP8266::send(String&)
 .text._ZN7ESP826618sATCIPSENDMultipleEhR6String
                0xffe05759      0x15d ./gr_common/lib/ESP8266_Arduino_AT/ESP8266.o
                0xffe05759                ESP8266::sATCIPSENDMultiple(unsigned char, String&)
 .text._ZN7ESP82664sendEhR6String
                0xffe058b6        0x4 ./gr_common/lib/ESP8266_Arduino_AT/ESP8266.o
                0xffe058b6                ESP8266::send(unsigned char, String&)
 .text._ZN7ESP826619sATCIPCLOSEMulitpleEh
                0xffe058ba      0x19d ./gr_common/lib/ESP8266_Arduino_AT/ESP8266.o
                0xffe058ba                ESP8266::sATCIPCLOSEMulitple(unsigned char)
 .text._ZN7ESP826610releaseTCPEh
                0xffe05a57        0x4 ./gr_common/lib/ESP8266_Arduino_AT/ESP8266.o
                0xffe05a57                ESP8266::releaseTCP(unsigned char)
 .text._ZN7ESP826613unregisterUDPEh
                0xffe05a5b        0x4 ./gr_common/lib/ESP8266_Arduino_AT/ESP8266.o
                0xffe05a5b                ESP8266::unregisterUDP(unsigned char)
 .text._ZN7ESP826617eATCIPCLOSESingleEv
                0xffe05a5f       0x89 ./gr_common/lib/ESP8266_Arduino_AT/ESP8266.o
                0xffe05a5f                ESP8266::eATCIPCLOSESingle()
 .text._ZN7ESP826610releaseTCPEv
                0xffe05ae8        0x4 ./gr_common/lib/ESP8266_Arduino_AT/ESP8266.o
                0xffe05ae8                ESP8266::releaseTCP()
 .text._ZN7ESP826613unregisterUDPEv
                0xffe05aec        0x4 ./gr_common/lib/ESP8266_Arduino_AT/ESP8266.o
                0xffe05aec                ESP8266::unregisterUDP()
 .text._ZN7ESP82668eATCIFSRER6String
                0xffe05af0       0xfb ./gr_common/lib/ESP8266_Arduino_AT/ESP8266.o
                0xffe05af0                ESP8266::eATCIFSR(String&)
 .text._ZN7ESP826610getLocalIPEv
                0xffe05beb       0x66 ./gr_common/lib/ESP8266_Arduino_AT/ESP8266.o
                0xffe05beb                ESP8266::getLocalIP()
 .text._ZN7ESP82669sATCIPMUXEh
                0xffe05c51      0x15a ./gr_common/lib/ESP8266_Arduino_AT/ESP8266.o
                0xffe05c51                ESP8266::sATCIPMUX(unsigned char)
 .text._ZN7ESP82669enableMUXEv
                0xffe05dab        0x6 ./gr_common/lib/ESP8266_Arduino_AT/ESP8266.o
                0xffe05dab                ESP8266::enableMUX()
 .text._ZN7ESP826610disableMUXEv
                0xffe05db1        0x6 ./gr_common/lib/ESP8266_Arduino_AT/ESP8266.o
                0xffe05db1                ESP8266::disableMUX()
 .text._ZN7ESP826612sATCIPSERVEREhm
                0xffe05db7      0x1fe ./gr_common/lib/ESP8266_Arduino_AT/ESP8266.o
                0xffe05db7                ESP8266::sATCIPSERVER(unsigned char, unsigned long)
 .text._ZN7ESP826614startTCPServerEm
                0xffe05fb5        0x8 ./gr_common/lib/ESP8266_Arduino_AT/ESP8266.o
                0xffe05fb5                ESP8266::startTCPServer(unsigned long)
 .text._ZN7ESP826611startServerEm
                0xffe05fbd        0x8 ./gr_common/lib/ESP8266_Arduino_AT/ESP8266.o
                0xffe05fbd                ESP8266::startServer(unsigned long)
 .text._ZN7ESP826613stopTCPServerEv
                0xffe05fc5       0x19 ./gr_common/lib/ESP8266_Arduino_AT/ESP8266.o
                0xffe05fc5                ESP8266::stopTCPServer()
 .text._ZN7ESP826610stopServerEv
                0xffe05fde       0x19 ./gr_common/lib/ESP8266_Arduino_AT/ESP8266.o
                0xffe05fde                ESP8266::stopServer()
 .text._ZN7ESP82669sATCIPSTOEm
                0xffe05ff7       0x95 ./gr_common/lib/ESP8266_Arduino_AT/ESP8266.o
                0xffe05ff7                ESP8266::sATCIPSTO(unsigned long)
 .text._ZN7ESP826619setTCPServerTimeoutEm
                0xffe0608c        0x4 ./gr_common/lib/ESP8266_Arduino_AT/ESP8266.o
                0xffe0608c                ESP8266::setTCPServerTimeout(unsigned long)
 .text._ZN12FirmataClass23sendValueAsTwo7bitBytesEi
                0xffe06090       0x24 ./gr_common/lib/Firmata/Firmata.o
                0xffe06090                FirmataClass::sendValueAsTwo7bitBytes(int)
 .text._ZN12FirmataClass20printFirmwareVersionEv.part.0
                0xffe060b4       0x62 ./gr_common/lib/Firmata/Firmata.o
 .text._ZN12FirmataClass10startSysexEv
                0xffe06116        0xc ./gr_common/lib/Firmata/Firmata.o
                0xffe06116                FirmataClass::startSysex()
 .text._ZN12FirmataClass8endSysexEv
                0xffe06122        0xc ./gr_common/lib/Firmata/Firmata.o
                0xffe06122                FirmataClass::endSysex()
 .text._ZN12FirmataClassC2Ev
                0xffe0612e       0x35 ./gr_common/lib/Firmata/Firmata.o
                0xffe0612e                FirmataClass::FirmataClass()
                0xffe0612e                FirmataClass::FirmataClass()
 .text._ZN12FirmataClass12printVersionEv
                0xffe06163       0x26 ./gr_common/lib/Firmata/Firmata.o
                0xffe06163                FirmataClass::printVersion()
 .text._ZN12FirmataClass5beginER6Stream
                0xffe06189       0x1b ./gr_common/lib/Firmata/Firmata.o
                0xffe06189                FirmataClass::begin(Stream&)
 .text._ZN12FirmataClass20printFirmwareVersionEv
                0xffe061a4        0xc ./gr_common/lib/Firmata/Firmata.o
                0xffe061a4                FirmataClass::printFirmwareVersion()
 .text._ZN12FirmataClass25setFirmwareNameAndVersionEPKchh
                0xffe061b0       0x6c ./gr_common/lib/Firmata/Firmata.o
                0xffe061b0                FirmataClass::setFirmwareNameAndVersion(char const*, unsigned char, unsigned char)
 .text._ZN12FirmataClass9availableEv
                0xffe0621c        0xa ./gr_common/lib/Firmata/Firmata.o
                0xffe0621c                FirmataClass::available()
 .text._ZN12FirmataClass19processSysexMessageEv
                0xffe06226       0x87 ./gr_common/lib/Firmata/Firmata.o
                0xffe06226                FirmataClass::processSysexMessage()
 .text._ZN12FirmataClass12processInputEv
                0xffe062ad      0x160 ./gr_common/lib/Firmata/Firmata.o
                0xffe062ad                FirmataClass::processInput()
 .text._ZN12FirmataClass10sendAnalogEhi
                0xffe0640d       0x1d ./gr_common/lib/Firmata/Firmata.o
                0xffe0640d                FirmataClass::sendAnalog(unsigned char, int)
 .text._ZN12FirmataClass11sendDigitalEhi
                0xffe0642a        0x1 ./gr_common/lib/Firmata/Firmata.o
                0xffe0642a                FirmataClass::sendDigital(unsigned char, int)
 .text._ZN12FirmataClass15sendDigitalPortEhi
                0xffe0642b       0x2e ./gr_common/lib/Firmata/Firmata.o
                0xffe0642b                FirmataClass::sendDigitalPort(unsigned char, int)
 .text._ZN12FirmataClass9sendSysexEhhPh
                0xffe06459       0x49 ./gr_common/lib/Firmata/Firmata.o
                0xffe06459                FirmataClass::sendSysex(unsigned char, unsigned char, unsigned char*)
 .text._ZN12FirmataClass10sendStringEhPKc
                0xffe064a2       0x20 ./gr_common/lib/Firmata/Firmata.o
                0xffe064a2                FirmataClass::sendString(unsigned char, char const*)
 .text._ZN12FirmataClass10sendStringEPKc
                0xffe064c2        0x9 ./gr_common/lib/Firmata/Firmata.o
                0xffe064c2                FirmataClass::sendString(char const*)
 .text._ZN12FirmataClass5writeEh
                0xffe064cb        0x9 ./gr_common/lib/Firmata/Firmata.o
                0xffe064cb                FirmataClass::write(unsigned char)
 .text._ZN12FirmataClass6attachEhPFvhiE
                0xffe064d4       0x2c ./gr_common/lib/Firmata/Firmata.o
                0xffe064d4                FirmataClass::attach(unsigned char, void (*)(unsigned char, int))
 .text._ZN12FirmataClass6attachEhPFvvE
                0xffe06500        0x9 ./gr_common/lib/Firmata/Firmata.o
                0xffe06500                FirmataClass::attach(unsigned char, void (*)())
 .text._ZN12FirmataClass6attachEhPFvPcE
                0xffe06509        0x9 ./gr_common/lib/Firmata/Firmata.o
                0xffe06509                FirmataClass::attach(unsigned char, void (*)(char*))
 .text._ZN12FirmataClass6attachEhPFvhhPhE
                0xffe06512        0x3 ./gr_common/lib/Firmata/Firmata.o
                0xffe06512                FirmataClass::attach(unsigned char, void (*)(unsigned char, unsigned char, unsigned char*))
 .text._ZN12FirmataClass6detachEh
                0xffe06515       0x4d ./gr_common/lib/Firmata/Firmata.o
                0xffe06515                FirmataClass::detach(unsigned char)
 .text._ZN12FirmataClass11systemResetEv
                0xffe06562       0x2f ./gr_common/lib/Firmata/Firmata.o
                0xffe06562                FirmataClass::systemReset()
 .text._ZN12FirmataClass14strobeBlinkPinEiii
                0xffe06591       0x44 ./gr_common/lib/Firmata/Firmata.o
                0xffe06591                FirmataClass::strobeBlinkPin(int, int, int)
 .text._ZN12FirmataClass12blinkVersionEv
                0xffe065d5       0x39 ./gr_common/lib/Firmata/Firmata.o
                0xffe065d5                FirmataClass::blinkVersion()
 .text._ZN12FirmataClass5beginEl
                0xffe0660e       0x33 ./gr_common/lib/Firmata/Firmata.o
                0xffe0660e                FirmataClass::begin(long)
 .text._ZN12FirmataClass5beginEv
                0xffe06641        0x9 ./gr_common/lib/Firmata/Firmata.o
                0xffe06641                FirmataClass::begin()
 .text.startup._GLOBAL__sub_I__ZN12FirmataClass23sendValueAsTwo7bitBytesEi
                0xffe0664a       0x3b ./gr_common/lib/Firmata/Firmata.o
 .text._ZN13LiquidCrystalD2Ev
                0xffe06685        0x7 ./gr_common/lib/LiquidCrystal/LiquidCrystal.o
                0xffe06685                LiquidCrystal::~LiquidCrystal()
                0xffe06685                LiquidCrystal::~LiquidCrystal()
 .text._ZN13LiquidCrystalD0Ev
                0xffe0668c        0xa ./gr_common/lib/LiquidCrystal/LiquidCrystal.o
                0xffe0668c                LiquidCrystal::~LiquidCrystal()
 .text._ZN13LiquidCrystal11pulseEnableEv
                0xffe06696       0x31 ./gr_common/lib/LiquidCrystal/LiquidCrystal.o
                0xffe06696                LiquidCrystal::pulseEnable()
 .text._ZN13LiquidCrystal10write4bitsEh
                0xffe066c7       0x31 ./gr_common/lib/LiquidCrystal/LiquidCrystal.o
                0xffe066c7                LiquidCrystal::write4bits(unsigned char)
 .text._ZN13LiquidCrystal10write8bitsEh
                0xffe066f8       0x31 ./gr_common/lib/LiquidCrystal/LiquidCrystal.o
                0xffe066f8                LiquidCrystal::write8bits(unsigned char)
 .text._ZN13LiquidCrystal4sendEhh
                0xffe06729       0x41 ./gr_common/lib/LiquidCrystal/LiquidCrystal.o
                0xffe06729                LiquidCrystal::send(unsigned char, unsigned char)
 .text._ZN13LiquidCrystal5clearEv
                0xffe0676a       0x10 ./gr_common/lib/LiquidCrystal/LiquidCrystal.o
                0xffe0676a                LiquidCrystal::clear()
 .text._ZN13LiquidCrystal4homeEv
                0xffe0677a       0x10 ./gr_common/lib/LiquidCrystal/LiquidCrystal.o
                0xffe0677a                LiquidCrystal::home()
 .text._ZN13LiquidCrystal9setCursorEhh
                0xffe0678a       0x39 ./gr_common/lib/LiquidCrystal/LiquidCrystal.o
                0xffe0678a                LiquidCrystal::setCursor(unsigned char, unsigned char)
 .text._ZN13LiquidCrystal9noDisplayEv
                0xffe067c3        0xe ./gr_common/lib/LiquidCrystal/LiquidCrystal.o
                0xffe067c3                LiquidCrystal::noDisplay()
 .text._ZN13LiquidCrystal7displayEv
                0xffe067d1       0x10 ./gr_common/lib/LiquidCrystal/LiquidCrystal.o
                0xffe067d1                LiquidCrystal::display()
 .text._ZN13LiquidCrystal5beginEhhh
                0xffe067e1       0xe7 ./gr_common/lib/LiquidCrystal/LiquidCrystal.o
                0xffe067e1                LiquidCrystal::begin(unsigned char, unsigned char, unsigned char)
 .text._ZN13LiquidCrystal4initEhhhhhhhhhhhh
                0xffe068c8       0x7e ./gr_common/lib/LiquidCrystal/LiquidCrystal.o
                0xffe068c8                LiquidCrystal::init(unsigned char, unsigned char, unsigned char, unsigned char, unsigned char, unsigned char, unsigned char, unsigned char, unsigned char, unsigned char, unsigned char, unsigned char)
 .text._ZN13LiquidCrystalC2Ehhhhhhhhhhh
                0xffe06946       0x53 ./gr_common/lib/LiquidCrystal/LiquidCrystal.o
                0xffe06946                LiquidCrystal::LiquidCrystal(unsigned char, unsigned char, unsigned char, unsigned char, unsigned char, unsigned char, unsigned char, unsigned char, unsigned char, unsigned char, unsigned char)
                0xffe06946                LiquidCrystal::LiquidCrystal(unsigned char, unsigned char, unsigned char, unsigned char, unsigned char, unsigned char, unsigned char, unsigned char, unsigned char, unsigned char, unsigned char)
 .text._ZN13LiquidCrystalC2Ehhhhhhhhhh
                0xffe06999       0x4e ./gr_common/lib/LiquidCrystal/LiquidCrystal.o
                0xffe06999                LiquidCrystal::LiquidCrystal(unsigned char, unsigned char, unsigned char, unsigned char, unsigned char, unsigned char, unsigned char, unsigned char, unsigned char, unsigned char)
                0xffe06999                LiquidCrystal::LiquidCrystal(unsigned char, unsigned char, unsigned char, unsigned char, unsigned char, unsigned char, unsigned char, unsigned char, unsigned char, unsigned char)
 .text._ZN13LiquidCrystalC2Ehhhhhhh
                0xffe069e7       0x49 ./gr_common/lib/LiquidCrystal/LiquidCrystal.o
                0xffe069e7                LiquidCrystal::LiquidCrystal(unsigned char, unsigned char, unsigned char, unsigned char, unsigned char, unsigned char, unsigned char)
                0xffe069e7                LiquidCrystal::LiquidCrystal(unsigned char, unsigned char, unsigned char, unsigned char, unsigned char, unsigned char, unsigned char)
 .text._ZN13LiquidCrystalC2Ehhhhhh
                0xffe06a30       0x42 ./gr_common/lib/LiquidCrystal/LiquidCrystal.o
                0xffe06a30                LiquidCrystal::LiquidCrystal(unsigned char, unsigned char, unsigned char, unsigned char, unsigned char, unsigned char)
                0xffe06a30                LiquidCrystal::LiquidCrystal(unsigned char, unsigned char, unsigned char, unsigned char, unsigned char, unsigned char)
 .text._ZN13LiquidCrystal8noCursorEv
                0xffe06a72        0xe ./gr_common/lib/LiquidCrystal/LiquidCrystal.o
                0xffe06a72                LiquidCrystal::noCursor()
 .text._ZN13LiquidCrystal6cursorEv
                0xffe06a80       0x10 ./gr_common/lib/LiquidCrystal/LiquidCrystal.o
                0xffe06a80                LiquidCrystal::cursor()
 .text._ZN13LiquidCrystal7noBlinkEv
                0xffe06a90        0xe ./gr_common/lib/LiquidCrystal/LiquidCrystal.o
                0xffe06a90                LiquidCrystal::noBlink()
 .text._ZN13LiquidCrystal5blinkEv
                0xffe06a9e       0x10 ./gr_common/lib/LiquidCrystal/LiquidCrystal.o
                0xffe06a9e                LiquidCrystal::blink()
 .text._ZN13LiquidCrystal17scrollDisplayLeftEv
                0xffe06aae        0x9 ./gr_common/lib/LiquidCrystal/LiquidCrystal.o
                0xffe06aae                LiquidCrystal::scrollDisplayLeft()
 .text._ZN13LiquidCrystal18scrollDisplayRightEv
                0xffe06ab7        0x9 ./gr_common/lib/LiquidCrystal/LiquidCrystal.o
                0xffe06ab7                LiquidCrystal::scrollDisplayRight()
 .text._ZN13LiquidCrystal11leftToRightEv
                0xffe06ac0       0x10 ./gr_common/lib/LiquidCrystal/LiquidCrystal.o
                0xffe06ac0                LiquidCrystal::leftToRight()
 .text._ZN13LiquidCrystal11rightToLeftEv
                0xffe06ad0        0xe ./gr_common/lib/LiquidCrystal/LiquidCrystal.o
                0xffe06ad0                LiquidCrystal::rightToLeft()
 .text._ZN13LiquidCrystal10autoscrollEv
                0xffe06ade       0x10 ./gr_common/lib/LiquidCrystal/LiquidCrystal.o
                0xffe06ade                LiquidCrystal::autoscroll()
 .text._ZN13LiquidCrystal12noAutoscrollEv
                0xffe06aee        0xe ./gr_common/lib/LiquidCrystal/LiquidCrystal.o
                0xffe06aee                LiquidCrystal::noAutoscroll()
 .text._ZN13LiquidCrystal10createCharEhPh
                0xffe06afc       0x28 ./gr_common/lib/LiquidCrystal/LiquidCrystal.o
                0xffe06afc                LiquidCrystal::createChar(unsigned char, unsigned char*)
 .text._ZN13LiquidCrystal5writeEh
                0xffe06b24        0x9 ./gr_common/lib/LiquidCrystal/LiquidCrystal.o
                0xffe06b24                LiquidCrystal::write(unsigned char)
 .text._ZN13Adafruit_MQTTD2Ev
                0xffe06b2d        0x7 ./gr_common/lib/Milkcocoa_Arduino_SDK/Adafruit_MQTT.o
                0xffe06b2d                Adafruit_MQTT::~Adafruit_MQTT()
                0xffe06b2d                Adafruit_MQTT::~Adafruit_MQTT()
 .text._ZN13Adafruit_MQTTD0Ev
                0xffe06b34        0xa ./gr_common/lib/Milkcocoa_Arduino_SDK/Adafruit_MQTT.o
                0xffe06b34                Adafruit_MQTT::~Adafruit_MQTT()
 .text._ZL13stringprint_PPhPKct
                0xffe06b3e       0x3d ./gr_common/lib/Milkcocoa_Arduino_SDK/Adafruit_MQTT.o
 .text._Z11printBufferPhh
                0xffe06b7b       0xb4 ./gr_common/lib/Milkcocoa_Arduino_SDK/Adafruit_MQTT.o
                0xffe06b7b                printBuffer(unsigned char*, unsigned char)
 .text._ZN13Adafruit_MQTTC2EPKctS1_S1_S1_
                0xffe06c2f       0x35 ./gr_common/lib/Milkcocoa_Arduino_SDK/Adafruit_MQTT.o
                0xffe06c2f                Adafruit_MQTT::Adafruit_MQTT(char const*, unsigned short, char const*, char const*, char const*)
                0xffe06c2f                Adafruit_MQTT::Adafruit_MQTT(char const*, unsigned short, char const*, char const*, char const*)
 .text._ZN13Adafruit_MQTTC2EPK19__FlashStringHelpertS2_S2_S2_
                0xffe06c64       0x35 ./gr_common/lib/Milkcocoa_Arduino_SDK/Adafruit_MQTT.o
                0xffe06c64                Adafruit_MQTT::Adafruit_MQTT(__FlashStringHelper const*, unsigned short, __FlashStringHelper const*, __FlashStringHelper const*, __FlashStringHelper const*)
                0xffe06c64                Adafruit_MQTT::Adafruit_MQTT(__FlashStringHelper const*, unsigned short, __FlashStringHelper const*, __FlashStringHelper const*, __FlashStringHelper const*)
 .text._ZN13Adafruit_MQTT18connectErrorStringEa
                0xffe06c99       0x19 ./gr_common/lib/Milkcocoa_Arduino_SDK/Adafruit_MQTT.o
                0xffe06c99                Adafruit_MQTT::connectErrorString(signed char)
 .text._ZN13Adafruit_MQTT9subscribeEP23Adafruit_MQTT_Subscribe
                0xffe06cb2       0x3b ./gr_common/lib/Milkcocoa_Arduino_SDK/Adafruit_MQTT.o
                0xffe06cb2                Adafruit_MQTT::subscribe(Adafruit_MQTT_Subscribe*)
 .text._ZN13Adafruit_MQTT16readSubscriptionEs
                0xffe06ced       0x89 ./gr_common/lib/Milkcocoa_Arduino_SDK/Adafruit_MQTT.o
                0xffe06ced                Adafruit_MQTT::readSubscription(short)
 .text._ZN13Adafruit_MQTT4pingEh
                0xffe06d76       0x50 ./gr_common/lib/Milkcocoa_Arduino_SDK/Adafruit_MQTT.o
                0xffe06d76                Adafruit_MQTT::ping(unsigned char)
 .text._ZN13Adafruit_MQTT13connectPacketEPh
                0xffe06dc6       0x82 ./gr_common/lib/Milkcocoa_Arduino_SDK/Adafruit_MQTT.o
                0xffe06dc6                Adafruit_MQTT::connectPacket(unsigned char*)
 .text._ZN13Adafruit_MQTT7connectEv
                0xffe06e48       0xc5 ./gr_common/lib/Milkcocoa_Arduino_SDK/Adafruit_MQTT.o
                0xffe06e48                Adafruit_MQTT::connect()
 .text._ZN13Adafruit_MQTT13publishPacketEPhPKcS2_h
                0xffe06f0d       0x42 ./gr_common/lib/Milkcocoa_Arduino_SDK/Adafruit_MQTT.o
                0xffe06f0d                Adafruit_MQTT::publishPacket(unsigned char*, char const*, char const*, unsigned char)
 .text._ZN13Adafruit_MQTT7publishEPKcS1_h
                0xffe06f4f       0x4f ./gr_common/lib/Milkcocoa_Arduino_SDK/Adafruit_MQTT.o
                0xffe06f4f                Adafruit_MQTT::publish(char const*, char const*, unsigned char)
 .text._ZN13Adafruit_MQTT15subscribePacketEPhPKch
                0xffe06f9e       0x2c ./gr_common/lib/Milkcocoa_Arduino_SDK/Adafruit_MQTT.o
                0xffe06f9e                Adafruit_MQTT::subscribePacket(unsigned char*, char const*, unsigned char)
 .text._ZN13Adafruit_MQTT10pingPacketEPh
                0xffe06fca        0x9 ./gr_common/lib/Milkcocoa_Arduino_SDK/Adafruit_MQTT.o
                0xffe06fca                Adafruit_MQTT::pingPacket(unsigned char*)
 .text._ZN21Adafruit_MQTT_PublishC2EP13Adafruit_MQTTPKch
                0xffe06fd3        0x7 ./gr_common/lib/Milkcocoa_Arduino_SDK/Adafruit_MQTT.o
                0xffe06fd3                Adafruit_MQTT_Publish::Adafruit_MQTT_Publish(Adafruit_MQTT*, char const*, unsigned char)
                0xffe06fd3                Adafruit_MQTT_Publish::Adafruit_MQTT_Publish(Adafruit_MQTT*, char const*, unsigned char)
 .text._ZN21Adafruit_MQTT_PublishC2EP13Adafruit_MQTTPK19__FlashStringHelperh
                0xffe06fda        0x7 ./gr_common/lib/Milkcocoa_Arduino_SDK/Adafruit_MQTT.o
                0xffe06fda                Adafruit_MQTT_Publish::Adafruit_MQTT_Publish(Adafruit_MQTT*, __FlashStringHelper const*, unsigned char)
                0xffe06fda                Adafruit_MQTT_Publish::Adafruit_MQTT_Publish(Adafruit_MQTT*, __FlashStringHelper const*, unsigned char)
 .text._ZN21Adafruit_MQTT_Publish7publishEl
                0xffe06fe1       0x20 ./gr_common/lib/Milkcocoa_Arduino_SDK/Adafruit_MQTT.o
                0xffe06fe1                Adafruit_MQTT_Publish::publish(long)
 .text._ZN21Adafruit_MQTT_Publish7publishEdh
                0xffe07001       0x28 ./gr_common/lib/Milkcocoa_Arduino_SDK/Adafruit_MQTT.o
                0xffe07001                Adafruit_MQTT_Publish::publish(double, unsigned char)
 .text._ZN21Adafruit_MQTT_Publish7publishEm
                0xffe07029       0x20 ./gr_common/lib/Milkcocoa_Arduino_SDK/Adafruit_MQTT.o
                0xffe07029                Adafruit_MQTT_Publish::publish(unsigned long)
 .text._ZN21Adafruit_MQTT_Publish7publishEPKc
                0xffe07049       0x10 ./gr_common/lib/Milkcocoa_Arduino_SDK/Adafruit_MQTT.o
                0xffe07049                Adafruit_MQTT_Publish::publish(char const*)
 .text._ZN23Adafruit_MQTT_SubscribeC2EP13Adafruit_MQTTPKch
                0xffe07059        0x9 ./gr_common/lib/Milkcocoa_Arduino_SDK/Adafruit_MQTT.o
                0xffe07059                Adafruit_MQTT_Subscribe::Adafruit_MQTT_Subscribe(Adafruit_MQTT*, char const*, unsigned char)
                0xffe07059                Adafruit_MQTT_Subscribe::Adafruit_MQTT_Subscribe(Adafruit_MQTT*, char const*, unsigned char)
 .text._ZN23Adafruit_MQTT_SubscribeC2EP13Adafruit_MQTTPK19__FlashStringHelperh
                0xffe07062        0x9 ./gr_common/lib/Milkcocoa_Arduino_SDK/Adafruit_MQTT.o
                0xffe07062                Adafruit_MQTT_Subscribe::Adafruit_MQTT_Subscribe(Adafruit_MQTT*, __FlashStringHelper const*, unsigned char)
                0xffe07062                Adafruit_MQTT_Subscribe::Adafruit_MQTT_Subscribe(Adafruit_MQTT*, __FlashStringHelper const*, unsigned char)
 .text._ZN20Adafruit_MQTT_Client9connectedEv
                0xffe0706b       0x10 ./gr_common/lib/Milkcocoa_Arduino_SDK/Adafruit_MQTT_Client.o
                0xffe0706b                Adafruit_MQTT_Client::connected()
 .text._ZN20Adafruit_MQTT_ClientD2Ev
                0xffe0707b        0x7 ./gr_common/lib/Milkcocoa_Arduino_SDK/Adafruit_MQTT_Client.o
                0xffe0707b                Adafruit_MQTT_Client::~Adafruit_MQTT_Client()
                0xffe0707b                Adafruit_MQTT_Client::~Adafruit_MQTT_Client()
 .text._ZN20Adafruit_MQTT_ClientD0Ev
                0xffe07082        0xa ./gr_common/lib/Milkcocoa_Arduino_SDK/Adafruit_MQTT_Client.o
                0xffe07082                Adafruit_MQTT_Client::~Adafruit_MQTT_Client()
 .text._ZN20Adafruit_MQTT_Client13connectServerEv
                0xffe0708c       0x37 ./gr_common/lib/Milkcocoa_Arduino_SDK/Adafruit_MQTT_Client.o
                0xffe0708c                Adafruit_MQTT_Client::connectServer()
 .text._ZN20Adafruit_MQTT_Client10readPacketEPhhsb
                0xffe070c3       0x71 ./gr_common/lib/Milkcocoa_Arduino_SDK/Adafruit_MQTT_Client.o
                0xffe070c3                Adafruit_MQTT_Client::readPacket(unsigned char*, unsigned char, short, bool)
 .text._ZN20Adafruit_MQTT_Client10disconnectEv
                0xffe07134       0x1f ./gr_common/lib/Milkcocoa_Arduino_SDK/Adafruit_MQTT_Client.o
                0xffe07134                Adafruit_MQTT_Client::disconnect()
 .text._ZN20Adafruit_MQTT_Client10sendPacketEPhh
                0xffe07153       0x31 ./gr_common/lib/Milkcocoa_Arduino_SDK/Adafruit_MQTT_Client.o
                0xffe07153                Adafruit_MQTT_Client::sendPacket(unsigned char*, unsigned char)
 .text._ZN11aJsonStream6streamEv
                0xffe07184        0x3 ./gr_common/lib/Milkcocoa_Arduino_SDK/aJSON.o
                0xffe07184                aJsonStream::stream()
 .text._ZN17aJsonClientStream6streamEv
                0xffe07187        0x3 ./gr_common/lib/Milkcocoa_Arduino_SDK/aJSON.o
                0xffe07187                aJsonClientStream::stream()
 .text._ZN11aJsonStream7ungetchEc
                0xffe0718a        0x5 ./gr_common/lib/Milkcocoa_Arduino_SDK/aJSON.o
                0xffe0718a                aJsonStream::ungetch(char)
 .text._ZN11aJsonStream5writeEh
                0xffe0718f       0x15 ./gr_common/lib/Milkcocoa_Arduino_SDK/aJSON.o
                0xffe0718f                aJsonStream::write(unsigned char)
 .text._ZN11aJsonStream9readBytesEPhm
                0xffe071a4       0x2f ./gr_common/lib/Milkcocoa_Arduino_SDK/aJSON.o
                0xffe071a4                aJsonStream::readBytes(unsigned char*, unsigned long)
 .text._ZN17aJsonStringStream9availableEv
                0xffe071d3       0x16 ./gr_common/lib/Milkcocoa_Arduino_SDK/aJSON.o
                0xffe071d3                aJsonStringStream::available()
 .text._ZN17aJsonStringStream5writeEh
                0xffe071e9       0x26 ./gr_common/lib/Milkcocoa_Arduino_SDK/aJSON.o
                0xffe071e9                aJsonStringStream::write(unsigned char)
 .text._ZN11aJsonStream9availableEv
                0xffe0720f       0x50 ./gr_common/lib/Milkcocoa_Arduino_SDK/aJSON.o
                0xffe0720f                aJsonStream::available()
 .text._ZN17aJsonClientStream5getchEv
                0xffe0725f       0x78 ./gr_common/lib/Milkcocoa_Arduino_SDK/aJSON.o
                0xffe0725f                aJsonClientStream::getch()
 .text._ZN17aJsonStringStream5getchEv
                0xffe072d7       0x29 ./gr_common/lib/Milkcocoa_Arduino_SDK/aJSON.o
                0xffe072d7                aJsonStringStream::getch()
 .text._ZN11aJsonStream5getchEv
                0xffe07300       0x49 ./gr_common/lib/Milkcocoa_Arduino_SDK/aJSON.o
                0xffe07300                aJsonStream::getch()
 .text._ZN10aJsonClass7newItemEv
                0xffe07349       0x15 ./gr_common/lib/Milkcocoa_Arduino_SDK/aJSON.o
                0xffe07349                aJsonClass::newItem()
 .text._ZN10aJsonClass10deleteItemEP11aJsonObject
                0xffe0735e       0x50 ./gr_common/lib/Milkcocoa_Arduino_SDK/aJSON.o
                0xffe0735e                aJsonClass::deleteItem(aJsonObject*)
 .text._ZN11aJsonStream11parseNumberEP11aJsonObject
                0xffe073ae      0x1f0 ./gr_common/lib/Milkcocoa_Arduino_SDK/aJSON.o
                0xffe073ae                aJsonStream::parseNumber(aJsonObject*)
 .text._ZN11aJsonStream8printIntEP11aJsonObject
                0xffe0759e        0xe ./gr_common/lib/Milkcocoa_Arduino_SDK/aJSON.o
                0xffe0759e                aJsonStream::printInt(aJsonObject*)
 .text._ZN11aJsonStream10printFloatEP11aJsonObject
                0xffe075ac       0xd1 ./gr_common/lib/Milkcocoa_Arduino_SDK/aJSON.o
                0xffe075ac                aJsonStream::printFloat(aJsonObject*)
 .text._ZN11aJsonStream11parseStringEP11aJsonObject
                0xffe0767d      0x103 ./gr_common/lib/Milkcocoa_Arduino_SDK/aJSON.o
                0xffe0767d                aJsonStream::parseString(aJsonObject*)
 .text._ZN11aJsonStream14printStringPtrEPKc
                0xffe07780       0xbd ./gr_common/lib/Milkcocoa_Arduino_SDK/aJSON.o
                0xffe07780                aJsonStream::printStringPtr(char const*)
 .text._ZN11aJsonStream11printStringEP11aJsonObject
                0xffe0783d        0x6 ./gr_common/lib/Milkcocoa_Arduino_SDK/aJSON.o
                0xffe0783d                aJsonStream::printString(aJsonObject*)
 .text._ZN11aJsonStream4skipEv
                0xffe07843       0x2c ./gr_common/lib/Milkcocoa_Arduino_SDK/aJSON.o
                0xffe07843                aJsonStream::skip()
 .text._ZN11aJsonStream5flushEv
                0xffe0786f       0x24 ./gr_common/lib/Milkcocoa_Arduino_SDK/aJSON.o
                0xffe0786f                aJsonStream::flush()
 .text._ZN11aJsonStream11parseObjectEP11aJsonObjectPPc
                0xffe07893       0xd6 ./gr_common/lib/Milkcocoa_Arduino_SDK/aJSON.o
                0xffe07893                aJsonStream::parseObject(aJsonObject*, char**)
 .text._ZN11aJsonStream10parseValueEP11aJsonObjectPPc
                0xffe07969      0x143 ./gr_common/lib/Milkcocoa_Arduino_SDK/aJSON.o
                0xffe07969                aJsonStream::parseValue(aJsonObject*, char**)
 .text._ZN10aJsonClass5parseEP11aJsonStreamPPc
                0xffe07aac       0x3c ./gr_common/lib/Milkcocoa_Arduino_SDK/aJSON.o
                0xffe07aac                aJsonClass::parse(aJsonStream*, char**)
 .text._ZN10aJsonClass5parseEP11aJsonStream
                0xffe07ae8        0x6 ./gr_common/lib/Milkcocoa_Arduino_SDK/aJSON.o
                0xffe07ae8                aJsonClass::parse(aJsonStream*)
 .text._ZN10aJsonClass5parseEPc
                0xffe07aee       0x4d ./gr_common/lib/Milkcocoa_Arduino_SDK/aJSON.o
                0xffe07aee                aJsonClass::parse(char*)
 .text._ZN11aJsonStream10parseArrayEP11aJsonObjectPPc
                0xffe07b3b       0xa6 ./gr_common/lib/Milkcocoa_Arduino_SDK/aJSON.o
                0xffe07b3b                aJsonStream::parseArray(aJsonObject*, char**)
 .text._ZN11aJsonStream11printObjectEP11aJsonObject
                0xffe07be1       0x75 ./gr_common/lib/Milkcocoa_Arduino_SDK/aJSON.o
                0xffe07be1                aJsonStream::printObject(aJsonObject*)
 .text._ZN11aJsonStream10printValueEP11aJsonObject
                0xffe07c56       0x58 ./gr_common/lib/Milkcocoa_Arduino_SDK/aJSON.o
                0xffe07c56                aJsonStream::printValue(aJsonObject*)
 .text._ZN10aJsonClass5printEP11aJsonObjectP11aJsonStream
                0xffe07cae        0x6 ./gr_common/lib/Milkcocoa_Arduino_SDK/aJSON.o
                0xffe07cae                aJsonClass::print(aJsonObject*, aJsonStream*)
 .text._ZN10aJsonClass5printEP11aJsonObject
                0xffe07cb4       0x3f ./gr_common/lib/Milkcocoa_Arduino_SDK/aJSON.o
                0xffe07cb4                aJsonClass::print(aJsonObject*)
 .text._ZN11aJsonStream10printArrayEP11aJsonObject
                0xffe07cf3       0x5a ./gr_common/lib/Milkcocoa_Arduino_SDK/aJSON.o
                0xffe07cf3                aJsonStream::printArray(aJsonObject*)
 .text._ZN10aJsonClass12getArraySizeEP11aJsonObject
                0xffe07d4d       0x1a ./gr_common/lib/Milkcocoa_Arduino_SDK/aJSON.o
                0xffe07d4d                aJsonClass::getArraySize(aJsonObject*)
 .text._ZN10aJsonClass12getArrayItemEP11aJsonObjecth
                0xffe07d67       0x17 ./gr_common/lib/Milkcocoa_Arduino_SDK/aJSON.o
                0xffe07d67                aJsonClass::getArrayItem(aJsonObject*, unsigned char)
 .text._ZN10aJsonClass13getObjectItemEP11aJsonObjectPKc
                0xffe07d7e       0x22 ./gr_common/lib/Milkcocoa_Arduino_SDK/aJSON.o
                0xffe07d7e                aJsonClass::getObjectItem(aJsonObject*, char const*)
 .text._ZN10aJsonClass12suffixObjectEP11aJsonObjectS1_
                0xffe07da0        0x5 ./gr_common/lib/Milkcocoa_Arduino_SDK/aJSON.o
                0xffe07da0                aJsonClass::suffixObject(aJsonObject*, aJsonObject*)
 .text._ZN10aJsonClass15createReferenceEP11aJsonObject
                0xffe07da5       0x2d ./gr_common/lib/Milkcocoa_Arduino_SDK/aJSON.o
                0xffe07da5                aJsonClass::createReference(aJsonObject*)
 .text._ZN10aJsonClass14addItemToArrayEP11aJsonObjectS1_
                0xffe07dd2       0x1c ./gr_common/lib/Milkcocoa_Arduino_SDK/aJSON.o
                0xffe07dd2                aJsonClass::addItemToArray(aJsonObject*, aJsonObject*)
 .text._ZN10aJsonClass15addItemToObjectEP11aJsonObjectPKcS1_
                0xffe07dee       0x3e ./gr_common/lib/Milkcocoa_Arduino_SDK/aJSON.o
                0xffe07dee                aJsonClass::addItemToObject(aJsonObject*, char const*, aJsonObject*)
 .text._ZN10aJsonClass23addItemReferenceToArrayEP11aJsonObjectS1_
                0xffe07e2c       0x2a ./gr_common/lib/Milkcocoa_Arduino_SDK/aJSON.o
                0xffe07e2c                aJsonClass::addItemReferenceToArray(aJsonObject*, aJsonObject*)
 .text._ZN10aJsonClass24addItemReferenceToObjectEP11aJsonObjectPKcS1_
                0xffe07e56       0x20 ./gr_common/lib/Milkcocoa_Arduino_SDK/aJSON.o
                0xffe07e56                aJsonClass::addItemReferenceToObject(aJsonObject*, char const*, aJsonObject*)
 .text._ZN10aJsonClass19detachItemFromArrayEP11aJsonObjecth
                0xffe07e76       0x44 ./gr_common/lib/Milkcocoa_Arduino_SDK/aJSON.o
                0xffe07e76                aJsonClass::detachItemFromArray(aJsonObject*, unsigned char)
 .text._ZN10aJsonClass19deleteItemFromArrayEP11aJsonObjecth
                0xffe07eba       0x12 ./gr_common/lib/Milkcocoa_Arduino_SDK/aJSON.o
                0xffe07eba                aJsonClass::deleteItemFromArray(aJsonObject*, unsigned char)
 .text._ZN10aJsonClass20detachItemFromObjectEP11aJsonObjectPKc
                0xffe07ecc       0x36 ./gr_common/lib/Milkcocoa_Arduino_SDK/aJSON.o
                0xffe07ecc                aJsonClass::detachItemFromObject(aJsonObject*, char const*)
 .text._ZN10aJsonClass20deleteItemFromObjectEP11aJsonObjectPKc
                0xffe07f02       0x12 ./gr_common/lib/Milkcocoa_Arduino_SDK/aJSON.o
                0xffe07f02                aJsonClass::deleteItemFromObject(aJsonObject*, char const*)
 .text._ZN10aJsonClass18replaceItemInArrayEP11aJsonObjecthS1_
                0xffe07f14       0x54 ./gr_common/lib/Milkcocoa_Arduino_SDK/aJSON.o
                0xffe07f14                aJsonClass::replaceItemInArray(aJsonObject*, unsigned char, aJsonObject*)
 .text._ZN10aJsonClass19replaceItemInObjectEP11aJsonObjectPKcS1_
                0xffe07f68       0x40 ./gr_common/lib/Milkcocoa_Arduino_SDK/aJSON.o
                0xffe07f68                aJsonClass::replaceItemInObject(aJsonObject*, char const*, aJsonObject*)
 .text._ZN10aJsonClass10createNullEv
                0xffe07fa8        0xb ./gr_common/lib/Milkcocoa_Arduino_SDK/aJSON.o
                0xffe07fa8                aJsonClass::createNull()
 .text._ZN10aJsonClass10createItemEb
                0xffe07fb3       0x13 ./gr_common/lib/Milkcocoa_Arduino_SDK/aJSON.o
                0xffe07fb3                aJsonClass::createItem(bool)
 .text._ZN10aJsonClass10createItemEc
                0xffe07fc6       0x1d ./gr_common/lib/Milkcocoa_Arduino_SDK/aJSON.o
                0xffe07fc6                aJsonClass::createItem(char)
 .text._ZN10aJsonClass10createItemEi
                0xffe07fe3       0x13 ./gr_common/lib/Milkcocoa_Arduino_SDK/aJSON.o
                0xffe07fe3                aJsonClass::createItem(int)
 .text._ZN10aJsonClass10createItemEd
                0xffe07ff6       0x18 ./gr_common/lib/Milkcocoa_Arduino_SDK/aJSON.o
                0xffe07ff6                aJsonClass::createItem(double)
 .text._ZN10aJsonClass10createItemEPKc
                0xffe0800e       0x1d ./gr_common/lib/Milkcocoa_Arduino_SDK/aJSON.o
                0xffe0800e                aJsonClass::createItem(char const*)
 .text._ZN10aJsonClass11createArrayEv
                0xffe0802b        0xb ./gr_common/lib/Milkcocoa_Arduino_SDK/aJSON.o
                0xffe0802b                aJsonClass::createArray()
 .text._ZN10aJsonClass12createObjectEv
                0xffe08036        0xb ./gr_common/lib/Milkcocoa_Arduino_SDK/aJSON.o
                0xffe08036                aJsonClass::createObject()
 .text._ZN10aJsonClass14createIntArrayEPih
                0xffe08041       0x55 ./gr_common/lib/Milkcocoa_Arduino_SDK/aJSON.o
                0xffe08041                aJsonClass::createIntArray(int*, unsigned char)
 .text._ZN10aJsonClass16createFloatArrayEPdh
                0xffe08096       0x5e ./gr_common/lib/Milkcocoa_Arduino_SDK/aJSON.o
                0xffe08096                aJsonClass::createFloatArray(double*, unsigned char)
 .text._ZN10aJsonClass17createDoubleArrayEPdh
                0xffe080f4       0x5e ./gr_common/lib/Milkcocoa_Arduino_SDK/aJSON.o
                0xffe080f4                aJsonClass::createDoubleArray(double*, unsigned char)
 .text._ZN10aJsonClass17createStringArrayEPPKch
                0xffe08152       0x50 ./gr_common/lib/Milkcocoa_Arduino_SDK/aJSON.o
                0xffe08152                aJsonClass::createStringArray(char const**, unsigned char)
 .text._ZN10aJsonClass15addNullToObjectEP11aJsonObjectPKc
                0xffe081a2       0x24 ./gr_common/lib/Milkcocoa_Arduino_SDK/aJSON.o
                0xffe081a2                aJsonClass::addNullToObject(aJsonObject*, char const*)
 .text._ZN10aJsonClass18addBooleanToObjectEP11aJsonObjectPKcb
                0xffe081c6       0x29 ./gr_common/lib/Milkcocoa_Arduino_SDK/aJSON.o
                0xffe081c6                aJsonClass::addBooleanToObject(aJsonObject*, char const*, bool)
 .text._ZN10aJsonClass17addNumberToObjectEP11aJsonObjectPKci
                0xffe081ef       0x29 ./gr_common/lib/Milkcocoa_Arduino_SDK/aJSON.o
                0xffe081ef                aJsonClass::addNumberToObject(aJsonObject*, char const*, int)
 .text._ZN10aJsonClass17addNumberToObjectEP11aJsonObjectPKcd
                0xffe08218       0x34 ./gr_common/lib/Milkcocoa_Arduino_SDK/aJSON.o
                0xffe08218                aJsonClass::addNumberToObject(aJsonObject*, char const*, double)
 .text._ZN10aJsonClass17addStringToObjectEP11aJsonObjectPKcS3_
                0xffe0824c       0x20 ./gr_common/lib/Milkcocoa_Arduino_SDK/aJSON.o
                0xffe0824c                aJsonClass::addStringToObject(aJsonObject*, char const*, char const*)
 .text._ZN11DataElementC2Ev
                0xffe0826c       0x32 ./gr_common/lib/Milkcocoa_Arduino_SDK/Milkcocoa.o
                0xffe0826c                DataElement::DataElement()
                0xffe0826c                DataElement::DataElement()
 .text._ZN11DataElementC2EPc
                0xffe0829e       0x27 ./gr_common/lib/Milkcocoa_Arduino_SDK/Milkcocoa.o
                0xffe0829e                DataElement::DataElement(char*)
                0xffe0829e                DataElement::DataElement(char*)
 .text._ZN11DataElementD2Ev
                0xffe082c5       0x19 ./gr_common/lib/Milkcocoa_Arduino_SDK/Milkcocoa.o
                0xffe082c5                DataElement::~DataElement()
                0xffe082c5                DataElement::~DataElement()
 .text._ZN11DataElement8setValueEPKcS1_
                0xffe082de       0x12 ./gr_common/lib/Milkcocoa_Arduino_SDK/Milkcocoa.o
                0xffe082de                DataElement::setValue(char const*, char const*)
 .text._ZN11DataElement8setValueEPKci
                0xffe082f0       0x12 ./gr_common/lib/Milkcocoa_Arduino_SDK/Milkcocoa.o
                0xffe082f0                DataElement::setValue(char const*, int)
 .text._ZN11DataElement8setValueEPKcd
                0xffe08302       0x18 ./gr_common/lib/Milkcocoa_Arduino_SDK/Milkcocoa.o
                0xffe08302                DataElement::setValue(char const*, double)
 .text._ZN11DataElement9getStringEPKc
                0xffe0831a       0x11 ./gr_common/lib/Milkcocoa_Arduino_SDK/Milkcocoa.o
                0xffe0831a                DataElement::getString(char const*)
 .text._ZN11DataElement6getIntEPKc
                0xffe0832b       0x2e ./gr_common/lib/Milkcocoa_Arduino_SDK/Milkcocoa.o
                0xffe0832b                DataElement::getInt(char const*)
 .text._ZN11DataElement8getFloatEPKc
                0xffe08359       0x1a ./gr_common/lib/Milkcocoa_Arduino_SDK/Milkcocoa.o
                0xffe08359                DataElement::getFloat(char const*)
 .text._ZN11DataElement11toCharArrayEv